../Core/Src/main.c:91:13:cs43l22_write	32	static
../Core/Src/main.c:96:13:cs43l22_init	8	static
../Core/Src/main.c:117:5:main	584	static
../Core/Src/main.c:270:6:SystemClock_Config	88	static
../Core/Src/main.c:316:13:MX_ADC1_Init	24	static
../Core/Src/main.c:377:13:MX_ADC2_Init	24	static
../Core/Src/main.c:438:13:MX_I2C1_Init	8	static
../Core/Src/main.c:472:13:MX_I2S3_Init	8	static
../Core/Src/main.c:504:13:MX_DMA_Init	16	static
../Core/Src/main.c:529:13:MX_GPIO_Init	48	static
../Core/Src/main.c:560:6:Error_Handler	4	static,ignoring_inline_asm
