Archive member included to satisfy reference by file (symbol)

e:/cube_ide/stm32cubeide_1.11.0/stm32cubeide/plugins/com.st.stm32cube.ide.mcu.externaltools.gnu-tools-for-stm32.10.3-2021.10.win32_1.0.100.202210260954/tools/bin/../lib/gcc/arm-none-eabi/10.3.1/../../../../arm-none-eabi/lib/thumb/v7e-m+fp/hard\libc_nano.a(lib_a-errno.o)
                              ./Core/Src/syscalls.o (__errno)
e:/cube_ide/stm32cubeide_1.11.0/stm32cubeide/plugins/com.st.stm32cube.ide.mcu.externaltools.gnu-tools-for-stm32.10.3-2021.10.win32_1.0.100.202210260954/tools/bin/../lib/gcc/arm-none-eabi/10.3.1/../../../../arm-none-eabi/lib/thumb/v7e-m+fp/hard\libc_nano.a(lib_a-exit.o)
                              e:/cube_ide/stm32cubeide_1.11.0/stm32cubeide/plugins/com.st.stm32cube.ide.mcu.externaltools.gnu-tools-for-stm32.10.3-2021.10.win32_1.0.100.202210260954/tools/bin/../lib/gcc/arm-none-eabi/10.3.1/../../../../arm-none-eabi/lib/thumb/v7e-m+fp/hard/crt0.o (exit)
e:/cube_ide/stm32cubeide_1.11.0/stm32cubeide/plugins/com.st.stm32cube.ide.mcu.externaltools.gnu-tools-for-stm32.10.3-2021.10.win32_1.0.100.202210260954/tools/bin/../lib/gcc/arm-none-eabi/10.3.1/../../../../arm-none-eabi/lib/thumb/v7e-m+fp/hard\libc_nano.a(lib_a-impure.o)
                              e:/cube_ide/stm32cubeide_1.11.0/stm32cubeide/plugins/com.st.stm32cube.ide.mcu.externaltools.gnu-tools-for-stm32.10.3-2021.10.win32_1.0.100.202210260954/tools/bin/../lib/gcc/arm-none-eabi/10.3.1/../../../../arm-none-eabi/lib/thumb/v7e-m+fp/hard\libc_nano.a(lib_a-exit.o) (_global_impure_ptr)
e:/cube_ide/stm32cubeide_1.11.0/stm32cubeide/plugins/com.st.stm32cube.ide.mcu.externaltools.gnu-tools-for-stm32.10.3-2021.10.win32_1.0.100.202210260954/tools/bin/../lib/gcc/arm-none-eabi/10.3.1/../../../../arm-none-eabi/lib/thumb/v7e-m+fp/hard\libc_nano.a(lib_a-init.o)
                              e:/cube_ide/stm32cubeide_1.11.0/stm32cubeide/plugins/com.st.stm32cube.ide.mcu.externaltools.gnu-tools-for-stm32.10.3-2021.10.win32_1.0.100.202210260954/tools/bin/../lib/gcc/arm-none-eabi/10.3.1/../../../../arm-none-eabi/lib/thumb/v7e-m+fp/hard/crt0.o (__libc_init_array)
e:/cube_ide/stm32cubeide_1.11.0/stm32cubeide/plugins/com.st.stm32cube.ide.mcu.externaltools.gnu-tools-for-stm32.10.3-2021.10.win32_1.0.100.202210260954/tools/bin/../lib/gcc/arm-none-eabi/10.3.1/../../../../arm-none-eabi/lib/thumb/v7e-m+fp/hard\libc_nano.a(lib_a-memset.o)
                              e:/cube_ide/stm32cubeide_1.11.0/stm32cubeide/plugins/com.st.stm32cube.ide.mcu.externaltools.gnu-tools-for-stm32.10.3-2021.10.win32_1.0.100.202210260954/tools/bin/../lib/gcc/arm-none-eabi/10.3.1/../../../../arm-none-eabi/lib/thumb/v7e-m+fp/hard/crt0.o (memset)
e:/cube_ide/stm32cubeide_1.11.0/stm32cubeide/plugins/com.st.stm32cube.ide.mcu.externaltools.gnu-tools-for-stm32.10.3-2021.10.win32_1.0.100.202210260954/tools/bin/../lib/gcc/arm-none-eabi/10.3.1/../../../../arm-none-eabi/lib/thumb/v7e-m+fp/hard\libc_nano.a(lib_a-strlen.o)
                              ./Core/Src/main.o (strlen)
e:/cube_ide/stm32cubeide_1.11.0/stm32cubeide/plugins/com.st.stm32cube.ide.mcu.externaltools.gnu-tools-for-stm32.10.3-2021.10.win32_1.0.100.202210260954/tools/bin/../lib/gcc/arm-none-eabi/10.3.1/thumb/v7e-m+fp/hard\libgcc.a(_aeabi_uldivmod.o)
                              ./Drivers/STM32F4xx_HAL_Driver/Src/stm32f4xx_hal_rcc.o (__aeabi_uldivmod)
e:/cube_ide/stm32cubeide_1.11.0/stm32cubeide/plugins/com.st.stm32cube.ide.mcu.externaltools.gnu-tools-for-stm32.10.3-2021.10.win32_1.0.100.202210260954/tools/bin/../lib/gcc/arm-none-eabi/10.3.1/thumb/v7e-m+fp/hard\libgcc.a(_udivmoddi4.o)
                              e:/cube_ide/stm32cubeide_1.11.0/stm32cubeide/plugins/com.st.stm32cube.ide.mcu.externaltools.gnu-tools-for-stm32.10.3-2021.10.win32_1.0.100.202210260954/tools/bin/../lib/gcc/arm-none-eabi/10.3.1/thumb/v7e-m+fp/hard\libgcc.a(_aeabi_uldivmod.o) (__udivmoddi4)
e:/cube_ide/stm32cubeide_1.11.0/stm32cubeide/plugins/com.st.stm32cube.ide.mcu.externaltools.gnu-tools-for-stm32.10.3-2021.10.win32_1.0.100.202210260954/tools/bin/../lib/gcc/arm-none-eabi/10.3.1/thumb/v7e-m+fp/hard\libgcc.a(_dvmd_tls.o)
                              e:/cube_ide/stm32cubeide_1.11.0/stm32cubeide/plugins/com.st.stm32cube.ide.mcu.externaltools.gnu-tools-for-stm32.10.3-2021.10.win32_1.0.100.202210260954/tools/bin/../lib/gcc/arm-none-eabi/10.3.1/thumb/v7e-m+fp/hard\libgcc.a(_aeabi_uldivmod.o) (__aeabi_ldiv0)

Discarded input sections

 .text          0x0000000000000000        0x0 e:/cube_ide/stm32cubeide_1.11.0/stm32cubeide/plugins/com.st.stm32cube.ide.mcu.externaltools.gnu-tools-for-stm32.10.3-2021.10.win32_1.0.100.202210260954/tools/bin/../lib/gcc/arm-none-eabi/10.3.1/thumb/v7e-m+fp/hard/crti.o
 .data          0x0000000000000000        0x0 e:/cube_ide/stm32cubeide_1.11.0/stm32cubeide/plugins/com.st.stm32cube.ide.mcu.externaltools.gnu-tools-for-stm32.10.3-2021.10.win32_1.0.100.202210260954/tools/bin/../lib/gcc/arm-none-eabi/10.3.1/thumb/v7e-m+fp/hard/crti.o
[...]
Memory Configuration

Name             Origin             Length             Attributes
CCMRAM           0x0000000010000000 0x0000000000010000 xrw
RAM              0x0000000020000000 0x0000000000020000 xrw
FLASH            0x0000000008000000 0x0000000000100000 xr
*default*        0x0000000000000000 0xffffffffffffffff

Linker script and memory map

LOAD e:/cube_ide/stm32cubeide_1.11.0/stm32cubeide/plugins/com.st.stm32cube.ide.mcu.externaltools.gnu-tools-for-stm32.10.3-2021.10.win32_1.0.100.202210260954/tools/bin/../lib/gcc/arm-none-eabi/10.3.1/thumb/v7e-m+fp/hard/crti.o
LOAD e:/cube_ide/stm32cubeide_1.11.0/stm32cubeide/plugins/com.st.stm32cube.ide.mcu.externaltools.gnu-tools-for-stm32.10.3-2021.10.win32_1.0.100.202210260954/tools/bin/../lib/gcc/arm-none-eabi/10.3.1/thumb/v7e-m+fp/hard/crtbegin.o
LOAD e:/cube_ide/stm32cubeide_1.11.0/stm32cubeide/plugins/com.st.stm32cube.ide.mcu.externaltools.gnu-tools-for-stm32.10.3-2021.10.win32_1.0.100.202210260954/tools/bin/../lib/gcc/arm-none-eabi/10.3.1/../../../../arm-none-eabi/lib/thumb/v7e-m+fp/hard/crt0.o
LOAD ./Core/Src/main.o
LOAD ./Core/Src/stm32f4xx_hal_msp.o
LOAD ./Core/Src/stm32f4xx_it.o
LOAD ./Core/Src/syscalls.o
LOAD ./Core/Src/sysmem.o
LOAD ./Core/Src/system_stm32f4xx.o
LOAD ./Core/Startup/startup_stm32f407vgtx.o
LOAD ./Drivers/STM32F4xx_HAL_Driver/Src/stm32f4xx_hal.o
LOAD ./Drivers/STM32F4xx_HAL_Driver/Src/stm32f4xx_hal_adc.o
LOAD ./Drivers/STM32F4xx_HAL_Driver/Src/stm32f4xx_hal_adc_ex.o
LOAD ./Drivers/STM32F4xx_HAL_Driver/Src/stm32f4xx_hal_cortex.o
LOAD ./Drivers/STM32F4xx_HAL_Driver/Src/stm32f4xx_hal_dma.o
LOAD ./Drivers/STM32F4xx_HAL_Driver/Src/stm32f4xx_hal_dma_ex.o
LOAD ./Drivers/STM32F4xx_HAL_Driver/Src/stm32f4xx_hal_exti.o
LOAD ./Drivers/STM32F4xx_HAL_Driver/Src/stm32f4xx_hal_flash.o
LOAD ./Drivers/STM32F4xx_HAL_Driver/Src/stm32f4xx_hal_flash_ex.o
LOAD ./Drivers/STM32F4xx_HAL_Driver/Src/stm32f4xx_hal_flash_ramfunc.o
LOAD ./Drivers/STM32F4xx_HAL_Driver/Src/stm32f4xx_hal_gpio.o
LOAD ./Drivers/STM32F4xx_HAL_Driver/Src/stm32f4xx_hal_i2c.o
LOAD ./Drivers/STM32F4xx_HAL_Driver/Src/stm32f4xx_hal_i2c_ex.o
LOAD ./Drivers/STM32F4xx_HAL_Driver/Src/stm32f4xx_hal_i2s.o
LOAD ./Drivers/STM32F4xx_HAL_Driver/Src/stm32f4xx_hal_i2s_ex.o
LOAD ./Drivers/STM32F4xx_HAL_Driver/Src/stm32f4xx_hal_pcd.o
LOAD ./Drivers/STM32F4xx_HAL_Driver/Src/stm32f4xx_hal_pcd_ex.o
LOAD ./Drivers/STM32F4xx_HAL_Driver/Src/stm32f4xx_hal_pwr.o
LOAD ./Drivers/STM32F4xx_HAL_Driver/Src/stm32f4xx_hal_pwr_ex.o
LOAD ./Drivers/STM32F4xx_HAL_Driver/Src/stm32f4xx_hal_rcc.o
LOAD ./Drivers/STM32F4xx_HAL_Driver/Src/stm32f4xx_hal_rcc_ex.o
LOAD ./Drivers/STM32F4xx_HAL_Driver/Src/stm32f4xx_hal_tim.o
LOAD ./Drivers/STM32F4xx_HAL_Driver/Src/stm32f4xx_hal_tim_ex.o
LOAD ./Drivers/STM32F4xx_HAL_Driver/Src/stm32f4xx_ll_adc.o
LOAD ./Drivers/STM32F4xx_HAL_Driver/Src/stm32f4xx_ll_usb.o
LOAD ./Middlewares/ST/STM32_USB_Device_Library/Class/CDC/Src/usbd_cdc.o
LOAD ./Middlewares/ST/STM32_USB_Device_Library/Core/Src/usbd_core.o
LOAD ./Middlewares/ST/STM32_USB_Device_Library/Core/Src/usbd_ctlreq.o
LOAD ./Middlewares/ST/STM32_USB_Device_Library/Core/Src/usbd_ioreq.o
LOAD ./USB_DEVICE/App/usb_device.o
LOAD ./USB_DEVICE/App/usbd_cdc_if.o
LOAD ./USB_DEVICE/App/usbd_desc.o
LOAD ./USB_DEVICE/Target/usbd_conf.o
START GROUP
LOAD e:/cube_ide/stm32cubeide_1.11.0/stm32cubeide/plugins/com.st.stm32cube.ide.mcu.externaltools.gnu-tools-for-stm32.10.3-2021.10.win32_1.0.100.202210260954/tools/bin/../lib/gcc/arm-none-eabi/10.3.1/../../../../arm-none-eabi/lib/thumb/v7e-m+fp/hard\libc_nano.a
LOAD e:/cube_ide/stm32cubeide_1.11.0/stm32cubeide/plugins/com.st.stm32cube.ide.mcu.externaltools.gnu-tools-for-stm32.10.3-2021.10.win32_1.0.100.202210260954/tools/bin/../lib/gcc/arm-none-eabi/10.3.1/../../../../arm-none-eabi/lib/thumb/v7e-m+fp/hard\libm.a
END GROUP
START GROUP
LOAD e:/cube_ide/stm32cubeide_1.11.0/stm32cubeide/plugins/com.st.stm32cube.ide.mcu.externaltools.gnu-tools-for-stm32.10.3-2021.10.win32_1.0.100.202210260954/tools/bin/../lib/gcc/arm-none-eabi/10.3.1/thumb/v7e-m+fp/hard\libgcc.a
LOAD e:/cube_ide/stm32cubeide_1.11.0/stm32cubeide/plugins/com.st.stm32cube.ide.mcu.externaltools.gnu-tools-for-stm32.10.3-2021.10.win32_1.0.100.202210260954/tools/bin/../lib/gcc/arm-none-eabi/10.3.1/../../../../arm-none-eabi/lib/thumb/v7e-m+fp/hard\libc_nano.a
END GROUP
START GROUP
LOAD e:/cube_ide/stm32cubeide_1.11.0/stm32cubeide/plugins/com.st.stm32cube.ide.mcu.externaltools.gnu-tools-for-stm32.10.3-2021.10.win32_1.0.100.202210260954/tools/bin/../lib/gcc/arm-none-eabi/10.3.1/thumb/v7e-m+fp/hard\libgcc.a
LOAD e:/cube_ide/stm32cubeide_1.11.0/stm32cubeide/plugins/com.st.stm32cube.ide.mcu.externaltools.gnu-tools-for-stm32.10.3-2021.10.win32_1.0.100.202210260954/tools/bin/../lib/gcc/arm-none-eabi/10.3.1/../../../../arm-none-eabi/lib/thumb/v7e-m+fp/hard\libc_nano.a
LOAD e:/cube_ide/stm32cubeide_1.11.0/stm32cubeide/plugins/com.st.stm32cube.ide.mcu.externaltools.gnu-tools-for-stm32.10.3-2021.10.win32_1.0.100.202210260954/tools/bin/../lib/gcc/arm-none-eabi/10.3.1/../../../../arm-none-eabi/lib/thumb/v7e-m+fp/hard\libnosys.a
END GROUP
START GROUP
LOAD e:/cube_ide/stm32cubeide_1.11.0/stm32cubeide/plugins/com.st.stm32cube.ide.mcu.externaltools.gnu-tools-for-stm32.10.3-2021.10.win32_1.0.100.202210260954/tools/bin/../lib/gcc/arm-none-eabi/10.3.1/thumb/v7e-m+fp/hard\libgcc.a
LOAD e:/cube_ide/stm32cubeide_1.11.0/stm32cubeide/plugins/com.st.stm32cube.ide.mcu.externaltools.gnu-tools-for-stm32.10.3-2021.10.win32_1.0.100.202210260954/tools/bin/../lib/gcc/arm-none-eabi/10.3.1/../../../../arm-none-eabi/lib/thumb/v7e-m+fp/hard\libc_nano.a
LOAD e:/cube_ide/stm32cubeide_1.11.0/stm32cubeide/plugins/com.st.stm32cube.ide.mcu.externaltools.gnu-tools-for-stm32.10.3-2021.10.win32_1.0.100.202210260954/tools/bin/../lib/gcc/arm-none-eabi/10.3.1/../../../../arm-none-eabi/lib/thumb/v7e-m+fp/hard\libnosys.a
END GROUP
LOAD e:/cube_ide/stm32cubeide_1.11.0/stm32cubeide/plugins/com.st.stm32cube.ide.mcu.externaltools.gnu-tools-for-stm32.10.3-2021.10.win32_1.0.100.202210260954/tools/bin/../lib/gcc/arm-none-eabi/10.3.1/thumb/v7e-m+fp/hard/crtend.o
LOAD e:/cube_ide/stm32cubeide_1.11.0/stm32cubeide/plugins/com.st.stm32cube.ide.mcu.externaltools.gnu-tools-for-stm32.10.3-2021.10.win32_1.0.100.202210260954/tools/bin/../lib/gcc/arm-none-eabi/10.3.1/thumb/v7e-m+fp/hard/crtn.o
                0x0000000020020000                _estack = (ORIGIN (RAM) + LENGTH (RAM))
                0x0000000000000200                _Min_Heap_Size = 0x200
                0x0000000000000400                _Min_Stack_Size = 0x400

.isr_vector     0x0000000008000000      0x188
                0x0000000008000000                . = ALIGN (0x4)
 *(.isr_vector)
 .isr_vector    0x0000000008000000      0x188 ./Core/Startup/startup_stm32f407vgtx.o
                0x0000000008000000                g_pfnVectors
                0x0000000008000188                . = ALIGN (0x4)

.text           0x0000000008000188     0xa214
                0x0000000008000188                . = ALIGN (0x4)
 *(.text)
 .text          0x0000000008000188       0x40 e:/cube_ide/stm32cubeide_1.11.0/stm32cubeide/plugins/com.st.stm32cube.ide.mcu.externaltools.gnu-tools-for-stm32.10.3-2021.10.win32_1.0.100.202210260954/tools/bin/../lib/gcc/arm-none-eabi/10.3.1/thumb/v7e-m+fp/hard/crtbegin.o
 .text          0x00000000080001c8       0x10 e:/cube_ide/stm32cubeide_1.11.0/stm32cubeide/plugins/com.st.stm32cube.ide.mcu.externaltools.gnu-tools-for-stm32.10.3-2021.10.win32_1.0.100.202210260954/tools/bin/../lib/gcc/arm-none-eabi/10.3.1/../../../../arm-none-eabi/lib/thumb/v7e-m+fp/hard\libc_nano.a(lib_a-strlen.o)
                0x00000000080001c8                strlen
 .text          0x00000000080001d8       0x30 e:/cube_ide/stm32cubeide_1.11.0/stm32cubeide/plugins/com.st.stm32cube.ide.mcu.externaltools.gnu-tools-for-stm32.10.3-2021.10.win32_1.0.100.202210260954/tools/bin/../lib/gcc/arm-none-eabi/10.3.1/thumb/v7e-m+fp/hard\libgcc.a(_aeabi_uldivmod.o)
                0x00000000080001d8                __aeabi_uldivmod
 .text          0x0000000008000208      0x2d0 e:/cube_ide/stm32cubeide_1.11.0/stm32cubeide/plugins/com.st.stm32cube.ide.mcu.externaltools.gnu-tools-for-stm32.10.3-2021.10.win32_1.0.100.202210260954/tools/bin/../lib/gcc/arm-none-eabi/10.3.1/thumb/v7e-m+fp/hard\libgcc.a(_udivmoddi4.o)
                0x0000000008000208                __udivmoddi4
 .text          0x00000000080004d8        0x4 e:/cube_ide/stm32cubeide_1.11.0/stm32cubeide/plugins/com.st.stm32cube.ide.mcu.externaltools.gnu-tools-for-stm32.10.3-2021.10.win32_1.0.100.202210260954/tools/bin/../lib/gcc/arm-none-eabi/10.3.1/thumb/v7e-m+fp/hard\libgcc.a(_dvmd_tls.o)
                0x00000000080004d8                __aeabi_idiv0
                0x00000000080004d8                __aeabi_ldiv0
 *(.text*)
 .text.cs43l22_write
                0x00000000080004dc       0x38 ./Core/Src/main.o
 .text.cs43l22_init
                0x0000000008000514       0x30 ./Core/Src/main.o
 .text.main     0x0000000008000544      0x7a4 ./Core/Src/main.o
                0x0000000008000544                main
 .text.SystemClock_Config
                0x0000000008000ce8       0xd4 ./Core/Src/main.o
                0x0000000008000ce8                SystemClock_Config
 .text.MX_ADC1_Init
                0x0000000008000dbc       0xc0 ./Core/Src/main.o
 .text.MX_ADC2_Init
                0x0000000008000e7c       0xc0 ./Core/Src/main.o
 .text.MX_I2C1_Init
                0x0000000008000f3c       0x5c ./Core/Src/main.o
 .text.MX_I2S3_Init
                0x0000000008000f98       0x5c ./Core/Src/main.o
 .text.MX_DMA_Init
                0x0000000008000ff4       0x7c ./Core/Src/main.o
 .text.MX_GPIO_Init
                0x0000000008001070       0xd8 ./Core/Src/main.o
 .text.Error_Handler
                0x0000000008001148        0xa ./Core/Src/main.o
                0x0000000008001148                Error_Handler
 *fill*         0x0000000008001152        0x2 
 .text.HAL_MspInit
                0x0000000008001154       0x50 ./Core/Src/stm32f4xx_hal_msp.o
                0x0000000008001154                HAL_MspInit
 .text.HAL_ADC_MspInit
                0x00000000080011a4      0x1b8 ./Core/Src/stm32f4xx_hal_msp.o
                0x00000000080011a4                HAL_ADC_MspInit
 .text.HAL_I2C_MspInit
                0x000000000800135c       0x90 ./Core/Src/stm32f4xx_hal_msp.o
                0x000000000800135c                HAL_I2C_MspInit
 .text.HAL_I2S_MspInit
                0x00000000080013ec      0x17c ./Core/Src/stm32f4xx_hal_msp.o
                0x00000000080013ec                HAL_I2S_MspInit
 .text.NMI_Handler
                0x0000000008001568        0x6 ./Core/Src/stm32f4xx_it.o
                0x0000000008001568                NMI_Handler
 .text.HardFault_Handler
                0x000000000800156e        0x6 ./Core/Src/stm32f4xx_it.o
                0x000000000800156e                HardFault_Handler
 .text.MemManage_Handler
                0x0000000008001574        0x6 ./Core/Src/stm32f4xx_it.o
                0x0000000008001574                MemManage_Handler
 .text.BusFault_Handler
                0x000000000800157a        0x6 ./Core/Src/stm32f4xx_it.o
                0x000000000800157a                BusFault_Handler
 .text.UsageFault_Handler
                0x0000000008001580        0x6 ./Core/Src/stm32f4xx_it.o
                0x0000000008001580                UsageFault_Handler
 .text.SVC_Handler
                0x0000000008001586        0xe ./Core/Src/stm32f4xx_it.o
                0x0000000008001586                SVC_Handler
 .text.DebugMon_Handler
                0x0000000008001594        0xe ./Core/Src/stm32f4xx_it.o
                0x0000000008001594                DebugMon_Handler
 .text.PendSV_Handler
                0x00000000080015a2        0xe ./Core/Src/stm32f4xx_it.o
                0x00000000080015a2                PendSV_Handler
 .text.SysTick_Handler
                0x00000000080015b0        0xc ./Core/Src/stm32f4xx_it.o
                0x00000000080015b0                SysTick_Handler
 .text.DMA1_Stream5_IRQHandler
                0x00000000080015bc       0x14 ./Core/Src/stm32f4xx_it.o
                0x00000000080015bc                DMA1_Stream5_IRQHandler
 .text.DMA2_Stream0_IRQHandler
                0x00000000080015d0       0x14 ./Core/Src/stm32f4xx_it.o
                0x00000000080015d0                DMA2_Stream0_IRQHandler
 .text.DMA2_Stream2_IRQHandler
                0x00000000080015e4       0x14 ./Core/Src/stm32f4xx_it.o
                0x00000000080015e4                DMA2_Stream2_IRQHandler
 .text.OTG_FS_IRQHandler
                0x00000000080015f8       0x14 ./Core/Src/stm32f4xx_it.o
                0x00000000080015f8                OTG_FS_IRQHandler
 .text.SystemInit
                0x000000000800160c       0x24 ./Core/Src/system_stm32f4xx.o
                0x000000000800160c                SystemInit
 .text.Reset_Handler
                0x0000000008001630       0x50 ./Core/Startup/startup_stm32f407vgtx.o
                0x0000000008001630                Reset_Handler
 .text.Default_Handler
                0x0000000008001680        0x2 ./Core/Startup/startup_stm32f407vgtx.o
                0x0000000008001680                RTC_Alarm_IRQHandler
                0x0000000008001680                HASH_RNG_IRQHandler
                0x0000000008001680                EXTI2_IRQHandler
                0x0000000008001680                TIM8_CC_IRQHandler
                0x0000000008001680                TIM1_CC_IRQHandler
                0x0000000008001680                DMA2_Stream5_IRQHandler
                0x0000000008001680                PVD_IRQHandler
                0x0000000008001680                SDIO_IRQHandler
                0x0000000008001680                TAMP_STAMP_IRQHandler
                0x0000000008001680                CAN2_RX1_IRQHandler
                0x0000000008001680                EXTI3_IRQHandler
                0x0000000008001680                TIM8_TRG_COM_TIM14_IRQHandler
                0x0000000008001680                TIM1_UP_TIM10_IRQHandler
                0x0000000008001680                TIM8_UP_TIM13_IRQHandler
                0x0000000008001680                I2C3_ER_IRQHandler
                0x0000000008001680                EXTI0_IRQHandler
                0x0000000008001680                I2C2_EV_IRQHandler
                0x0000000008001680                DMA1_Stream2_IRQHandler
                0x0000000008001680                CAN1_RX0_IRQHandler
                0x0000000008001680                FPU_IRQHandler
                0x0000000008001680                OTG_HS_WKUP_IRQHandler
                0x0000000008001680                CAN2_SCE_IRQHandler
                0x0000000008001680                SPI1_IRQHandler
                0x0000000008001680                TIM6_DAC_IRQHandler
                0x0000000008001680                TIM1_BRK_TIM9_IRQHandler
                0x0000000008001680                DCMI_IRQHandler
                0x0000000008001680                CAN2_RX0_IRQHandler
                0x0000000008001680                DMA2_Stream3_IRQHandler
                0x0000000008001680                USART6_IRQHandler
                0x0000000008001680                USART3_IRQHandler
                0x0000000008001680                CAN1_RX1_IRQHandler
                0x0000000008001680                UART5_IRQHandler
                0x0000000008001680                TIM4_IRQHandler
                0x0000000008001680                I2C1_EV_IRQHandler
                0x0000000008001680                DMA1_Stream6_IRQHandler
                0x0000000008001680                DMA1_Stream1_IRQHandler
                0x0000000008001680                UART4_IRQHandler
                0x0000000008001680                TIM3_IRQHandler
                0x0000000008001680                RCC_IRQHandler
                0x0000000008001680                TIM8_BRK_TIM12_IRQHandler
                0x0000000008001680                Default_Handler
                0x0000000008001680                EXTI15_10_IRQHandler
                0x0000000008001680                ADC_IRQHandler
                0x0000000008001680                DMA1_Stream7_IRQHandler
                0x0000000008001680                TIM7_IRQHandler
                0x0000000008001680                CAN2_TX_IRQHandler
                0x0000000008001680                TIM5_IRQHandler
                0x0000000008001680                DMA2_Stream7_IRQHandler
                0x0000000008001680                I2C3_EV_IRQHandler
                0x0000000008001680                EXTI9_5_IRQHandler
                0x0000000008001680                RTC_WKUP_IRQHandler
                0x0000000008001680                ETH_WKUP_IRQHandler
                0x0000000008001680                SPI2_IRQHandler
                0x0000000008001680                OTG_HS_EP1_IN_IRQHandler
                0x0000000008001680                DMA1_Stream0_IRQHandler
                0x0000000008001680                CAN1_TX_IRQHandler
                0x0000000008001680                EXTI4_IRQHandler
                0x0000000008001680                FSMC_IRQHandler
                0x0000000008001680                ETH_IRQHandler
                0x0000000008001680                OTG_HS_EP1_OUT_IRQHandler
                0x0000000008001680                WWDG_IRQHandler
                0x0000000008001680                TIM2_IRQHandler
                0x0000000008001680                OTG_FS_WKUP_IRQHandler
                0x0000000008001680                TIM1_TRG_COM_TIM11_IRQHandler
                0x0000000008001680                OTG_HS_IRQHandler
                0x0000000008001680                EXTI1_IRQHandler
                0x0000000008001680                USART2_IRQHandler
                0x0000000008001680                I2C2_ER_IRQHandler
                0x0000000008001680                DMA2_Stream1_IRQHandler
                0x0000000008001680                CAN1_SCE_IRQHandler
                0x0000000008001680                FLASH_IRQHandler
                0x0000000008001680                DMA2_Stream4_IRQHandler
                0x0000000008001680                USART1_IRQHandler
                0x0000000008001680                SPI3_IRQHandler
                0x0000000008001680                DMA1_Stream4_IRQHandler
                0x0000000008001680                I2C1_ER_IRQHandler
                0x0000000008001680                DMA2_Stream6_IRQHandler
                0x0000000008001680                DMA1_Stream3_IRQHandler
 *fill*         0x0000000008001682        0x2 
 .text.HAL_Init
                0x0000000008001684       0x44 ./Drivers/STM32F4xx_HAL_Driver/Src/stm32f4xx_hal.o
                0x0000000008001684                HAL_Init
 .text.HAL_InitTick
                0x00000000080016c8       0x60 ./Drivers/STM32F4xx_HAL_Driver/Src/stm32f4xx_hal.o
                0x00000000080016c8                HAL_InitTick
 .text.HAL_IncTick
                0x0000000008001728       0x28 ./Drivers/STM32F4xx_HAL_Driver/Src/stm32f4xx_hal.o
                0x0000000008001728                HAL_IncTick
 .text.HAL_GetTick
                0x0000000008001750       0x18 ./Drivers/STM32F4xx_HAL_Driver/Src/stm32f4xx_hal.o
                0x0000000008001750                HAL_GetTick
 .text.HAL_Delay
                0x0000000008001768       0x48 ./Drivers/STM32F4xx_HAL_Driver/Src/stm32f4xx_hal.o
                0x0000000008001768                HAL_Delay
 .text.HAL_ADC_Init
                0x00000000080017b0       0x86 ./Drivers/STM32F4xx_HAL_Driver/Src/stm32f4xx_hal_adc.o
                0x00000000080017b0                HAL_ADC_Init
 *fill*         0x0000000008001836        0x2 
 .text.HAL_ADC_Start_DMA
                0x0000000008001838      0x220 ./Drivers/STM32F4xx_HAL_Driver/Src/stm32f4xx_hal_adc.o
                0x0000000008001838                HAL_ADC_Start_DMA
 .text.HAL_ADC_ConvCpltCallback
                0x0000000008001a58       0x14 ./Drivers/STM32F4xx_HAL_Driver/Src/stm32f4xx_hal_adc.o
                0x0000000008001a58                HAL_ADC_ConvCpltCallback
 .text.HAL_ADC_ConvHalfCpltCallback
                0x0000000008001a6c       0x14 ./Drivers/STM32F4xx_HAL_Driver/Src/stm32f4xx_hal_adc.o
                0x0000000008001a6c                HAL_ADC_ConvHalfCpltCallback
 .text.HAL_ADC_ErrorCallback
                0x0000000008001a80       0x14 ./Drivers/STM32F4xx_HAL_Driver/Src/stm32f4xx_hal_adc.o
                0x0000000008001a80                HAL_ADC_ErrorCallback
 .text.HAL_ADC_ConfigChannel
                0x0000000008001a94      0x244 ./Drivers/STM32F4xx_HAL_Driver/Src/stm32f4xx_hal_adc.o
                0x0000000008001a94                HAL_ADC_ConfigChannel
 .text.ADC_Init
                0x0000000008001cd8      0x1f8 ./Drivers/STM32F4xx_HAL_Driver/Src/stm32f4xx_hal_adc.o
 .text.ADC_DMAConvCplt
                0x0000000008001ed0       0xba ./Drivers/STM32F4xx_HAL_Driver/Src/stm32f4xx_hal_adc.o
 .text.ADC_DMAHalfConvCplt
                0x0000000008001f8a       0x1c ./Drivers/STM32F4xx_HAL_Driver/Src/stm32f4xx_hal_adc.o
 .text.ADC_DMAError
                0x0000000008001fa6       0x2e ./Drivers/STM32F4xx_HAL_Driver/Src/stm32f4xx_hal_adc.o
 .text.__NVIC_SetPriorityGrouping
                0x0000000008001fd4       0x48 ./Drivers/STM32F4xx_HAL_Driver/Src/stm32f4xx_hal_cortex.o
 .text.__NVIC_GetPriorityGrouping
                0x000000000800201c       0x1c ./Drivers/STM32F4xx_HAL_Driver/Src/stm32f4xx_hal_cortex.o
 .text.__NVIC_EnableIRQ
                0x0000000008002038       0x3c ./Drivers/STM32F4xx_HAL_Driver/Src/stm32f4xx_hal_cortex.o
 .text.__NVIC_SetPriority
                0x0000000008002074       0x54 ./Drivers/STM32F4xx_HAL_Driver/Src/stm32f4xx_hal_cortex.o
 .text.NVIC_EncodePriority
                0x00000000080020c8       0x66 ./Drivers/STM32F4xx_HAL_Driver/Src/stm32f4xx_hal_cortex.o
 *fill*         0x000000000800212e        0x2 
 .text.SysTick_Config
                0x0000000008002130       0x44 ./Drivers/STM32F4xx_HAL_Driver/Src/stm32f4xx_hal_cortex.o
 .text.HAL_NVIC_SetPriorityGrouping
                0x0000000008002174       0x16 ./Drivers/STM32F4xx_HAL_Driver/Src/stm32f4xx_hal_cortex.o
                0x0000000008002174                HAL_NVIC_SetPriorityGrouping
 .text.HAL_NVIC_SetPriority
                0x000000000800218a       0x38 ./Drivers/STM32F4xx_HAL_Driver/Src/stm32f4xx_hal_cortex.o
                0x000000000800218a                HAL_NVIC_SetPriority
 .text.HAL_NVIC_EnableIRQ
                0x00000000080021c2       0x1c ./Drivers/STM32F4xx_HAL_Driver/Src/stm32f4xx_hal_cortex.o
                0x00000000080021c2                HAL_NVIC_EnableIRQ
 .text.HAL_SYSTICK_Config
                0x00000000080021de       0x18 ./Drivers/STM32F4xx_HAL_Driver/Src/stm32f4xx_hal_cortex.o
                0x00000000080021de                HAL_SYSTICK_Config
 *fill*         0x00000000080021f6        0x2 
 .text.HAL_DMA_Init
                0x00000000080021f8      0x15c ./Drivers/STM32F4xx_HAL_Driver/Src/stm32f4xx_hal_dma.o
                0x00000000080021f8                HAL_DMA_Init
 .text.HAL_DMA_Start_IT
                0x0000000008002354       0xb0 ./Drivers/STM32F4xx_HAL_Driver/Src/stm32f4xx_hal_dma.o
                0x0000000008002354                HAL_DMA_Start_IT
 .text.HAL_DMA_IRQHandler
                0x0000000008002404      0x314 ./Drivers/STM32F4xx_HAL_Driver/Src/stm32f4xx_hal_dma.o
                0x0000000008002404                HAL_DMA_IRQHandler
 .text.DMA_SetConfig
                0x0000000008002718       0x5c ./Drivers/STM32F4xx_HAL_Driver/Src/stm32f4xx_hal_dma.o
 .text.DMA_CalcBaseAndBitshift
                0x0000000008002774       0x6c ./Drivers/STM32F4xx_HAL_Driver/Src/stm32f4xx_hal_dma.o
 .text.DMA_CheckFifoParam
                0x00000000080027e0       0xf8 ./Drivers/STM32F4xx_HAL_Driver/Src/stm32f4xx_hal_dma.o
 .text.HAL_GPIO_Init
                0x00000000080028d8      0x338 ./Drivers/STM32F4xx_HAL_Driver/Src/stm32f4xx_hal_gpio.o
                0x00000000080028d8                HAL_GPIO_Init
 .text.HAL_GPIO_WritePin
                0x0000000008002c10       0x32 ./Drivers/STM32F4xx_HAL_Driver/Src/stm32f4xx_hal_gpio.o
                0x0000000008002c10                HAL_GPIO_WritePin
 *fill*         0x0000000008002c42        0x2 
 .text.HAL_I2C_Init
                0x0000000008002c44      0x288 ./Drivers/STM32F4xx_HAL_Driver/Src/stm32f4xx_hal_i2c.o
                0x0000000008002c44                HAL_I2C_Init
 .text.HAL_I2C_Mem_Write
                0x0000000008002ecc      0x1f4 ./Drivers/STM32F4xx_HAL_Driver/Src/stm32f4xx_hal_i2c.o
                0x0000000008002ecc                HAL_I2C_Mem_Write
 .text.I2C_RequestMemoryWrite
                0x00000000080030c0      0x12c ./Drivers/STM32F4xx_HAL_Driver/Src/stm32f4xx_hal_i2c.o
 .text.I2C_WaitOnFlagUntilTimeout
                0x00000000080031ec       0xae ./Drivers/STM32F4xx_HAL_Driver/Src/stm32f4xx_hal_i2c.o
 .text.I2C_WaitOnMasterAddressFlagUntilTimeout
                0x000000000800329a       0xfe ./Drivers/STM32F4xx_HAL_Driver/Src/stm32f4xx_hal_i2c.o
 .text.I2C_WaitOnTXEFlagUntilTimeout
                0x0000000008003398       0x82 ./Drivers/STM32F4xx_HAL_Driver/Src/stm32f4xx_hal_i2c.o
 .text.I2C_WaitOnBTFFlagUntilTimeout
                0x000000000800341a       0x82 ./Drivers/STM32F4xx_HAL_Driver/Src/stm32f4xx_hal_i2c.o
 .text.I2C_IsAcknowledgeFailed
                0x000000000800349c       0x5e ./Drivers/STM32F4xx_HAL_Driver/Src/stm32f4xx_hal_i2c.o
 *fill*         0x00000000080034fa        0x2 
 .text.HAL_I2S_Init
                0x00000000080034fc      0x280 ./Drivers/STM32F4xx_HAL_Driver/Src/stm32f4xx_hal_i2s.o
                0x00000000080034fc                HAL_I2S_Init
 .text.HAL_I2S_Transmit_DMA
                0x000000000800377c      0x150 ./Drivers/STM32F4xx_HAL_Driver/Src/stm32f4xx_hal_i2s.o
                0x000000000800377c                HAL_I2S_Transmit_DMA
 .text.HAL_I2S_TxHalfCpltCallback
                0x00000000080038cc       0x14 ./Drivers/STM32F4xx_HAL_Driver/Src/stm32f4xx_hal_i2s.o
                0x00000000080038cc                HAL_I2S_TxHalfCpltCallback
 .text.HAL_I2S_TxCpltCallback
                0x00000000080038e0       0x14 ./Drivers/STM32F4xx_HAL_Driver/Src/stm32f4xx_hal_i2s.o
                0x00000000080038e0                HAL_I2S_TxCpltCallback
 .text.HAL_I2S_RxCpltCallback
                0x00000000080038f4       0x14 ./Drivers/STM32F4xx_HAL_Driver/Src/stm32f4xx_hal_i2s.o
                0x00000000080038f4                HAL_I2S_RxCpltCallback
 .text.HAL_I2S_ErrorCallback
                0x0000000008003908       0x14 ./Drivers/STM32F4xx_HAL_Driver/Src/stm32f4xx_hal_i2s.o
                0x0000000008003908                HAL_I2S_ErrorCallback
 .text.I2S_DMATxCplt
                0x000000000800391c       0x42 ./Drivers/STM32F4xx_HAL_Driver/Src/stm32f4xx_hal_i2s.o
 .text.I2S_DMATxHalfCplt
                0x000000000800395e       0x1c ./Drivers/STM32F4xx_HAL_Driver/Src/stm32f4xx_hal_i2s.o
 .text.I2S_DMAError
                0x000000000800397a       0x4c ./Drivers/STM32F4xx_HAL_Driver/Src/stm32f4xx_hal_i2s.o
 .text.I2S_Transmit_IT
                0x00000000080039c6       0x5c ./Drivers/STM32F4xx_HAL_Driver/Src/stm32f4xx_hal_i2s.o
 .text.I2S_Receive_IT
                0x0000000008003a22       0x5e ./Drivers/STM32F4xx_HAL_Driver/Src/stm32f4xx_hal_i2s.o
 .text.I2S_IRQHandler
                0x0000000008003a80      0x114 ./Drivers/STM32F4xx_HAL_Driver/Src/stm32f4xx_hal_i2s.o
 .text.HAL_I2SEx_FullDuplex_IRQHandler
                0x0000000008003b94      0x2a8 ./Drivers/STM32F4xx_HAL_Driver/Src/stm32f4xx_hal_i2s_ex.o
                0x0000000008003b94                HAL_I2SEx_FullDuplex_IRQHandler
 .text.HAL_I2SEx_TxRxCpltCallback
                0x0000000008003e3c       0x14 ./Drivers/STM32F4xx_HAL_Driver/Src/stm32f4xx_hal_i2s_ex.o
                0x0000000008003e3c                HAL_I2SEx_TxRxCpltCallback
 .text.I2SEx_TxISR_I2S
                0x0000000008003e50       0x62 ./Drivers/STM32F4xx_HAL_Driver/Src/stm32f4xx_hal_i2s_ex.o
 *fill*         0x0000000008003eb2        0x2 
 .text.I2SEx_TxISR_I2SExt
                0x0000000008003eb4       0x98 ./Drivers/STM32F4xx_HAL_Driver/Src/stm32f4xx_hal_i2s_ex.o
 .text.I2SEx_RxISR_I2S
                0x0000000008003f4c       0x64 ./Drivers/STM32F4xx_HAL_Driver/Src/stm32f4xx_hal_i2s_ex.o
 .text.I2SEx_RxISR_I2SExt
                0x0000000008003fb0       0x98 ./Drivers/STM32F4xx_HAL_Driver/Src/stm32f4xx_hal_i2s_ex.o
 .text.HAL_PCD_Init
                0x0000000008004048      0x23a ./Drivers/STM32F4xx_HAL_Driver/Src/stm32f4xx_hal_pcd.o
                0x0000000008004048                HAL_PCD_Init
 .text.HAL_PCD_Start
                0x0000000008004282       0x66 ./Drivers/STM32F4xx_HAL_Driver/Src/stm32f4xx_hal_pcd.o
                0x0000000008004282                HAL_PCD_Start
 .text.HAL_PCD_IRQHandler
                0x00000000080042e8      0x93e ./Drivers/STM32F4xx_HAL_Driver/Src/stm32f4xx_hal_pcd.o
                0x00000000080042e8                HAL_PCD_IRQHandler
 .text.HAL_PCD_SetAddress
                0x0000000008004c26       0x4a ./Drivers/STM32F4xx_HAL_Driver/Src/stm32f4xx_hal_pcd.o
                0x0000000008004c26                HAL_PCD_SetAddress
 .text.HAL_PCD_EP_Open
                0x0000000008004c70       0xd0 ./Drivers/STM32F4xx_HAL_Driver/Src/stm32f4xx_hal_pcd.o
                0x0000000008004c70                HAL_PCD_EP_Open
 .text.HAL_PCD_EP_Close
                0x0000000008004d40       0x94 ./Drivers/STM32F4xx_HAL_Driver/Src/stm32f4xx_hal_pcd.o
                0x0000000008004d40                HAL_PCD_EP_Close
 .text.HAL_PCD_EP_Receive
                0x0000000008004dd4       0x96 ./Drivers/STM32F4xx_HAL_Driver/Src/stm32f4xx_hal_pcd.o
                0x0000000008004dd4                HAL_PCD_EP_Receive
 .text.HAL_PCD_EP_GetRxCount
                0x0000000008004e6a       0x30 ./Drivers/STM32F4xx_HAL_Driver/Src/stm32f4xx_hal_pcd.o
                0x0000000008004e6a                HAL_PCD_EP_GetRxCount
 .text.HAL_PCD_EP_Transmit
                0x0000000008004e9a       0x94 ./Drivers/STM32F4xx_HAL_Driver/Src/stm32f4xx_hal_pcd.o
                0x0000000008004e9a                HAL_PCD_EP_Transmit
 .text.HAL_PCD_EP_SetStall
                0x0000000008004f2e       0xc8 ./Drivers/STM32F4xx_HAL_Driver/Src/stm32f4xx_hal_pcd.o
                0x0000000008004f2e                HAL_PCD_EP_SetStall
 .text.HAL_PCD_EP_ClrStall
                0x0000000008004ff6       0xac ./Drivers/STM32F4xx_HAL_Driver/Src/stm32f4xx_hal_pcd.o
                0x0000000008004ff6                HAL_PCD_EP_ClrStall
 .text.HAL_PCD_EP_Abort
                0x00000000080050a2       0x62 ./Drivers/STM32F4xx_HAL_Driver/Src/stm32f4xx_hal_pcd.o
                0x00000000080050a2                HAL_PCD_EP_Abort
 .text.PCD_WriteEmptyTxFifo
                0x0000000008005104      0x11a ./Drivers/STM32F4xx_HAL_Driver/Src/stm32f4xx_hal_pcd.o
 *fill*         0x000000000800521e        0x2 
 .text.PCD_EP_OutXfrComplete_int
                0x0000000008005220      0x1d0 ./Drivers/STM32F4xx_HAL_Driver/Src/stm32f4xx_hal_pcd.o
 .text.PCD_EP_OutSetupPacket_int
                0x00000000080053f0       0x8c ./Drivers/STM32F4xx_HAL_Driver/Src/stm32f4xx_hal_pcd.o
 .text.HAL_PCDEx_SetTxFiFo
                0x000000000800547c       0x8e ./Drivers/STM32F4xx_HAL_Driver/Src/stm32f4xx_hal_pcd_ex.o
                0x000000000800547c                HAL_PCDEx_SetTxFiFo
 .text.HAL_PCDEx_SetRxFiFo
                0x000000000800550a       0x22 ./Drivers/STM32F4xx_HAL_Driver/Src/stm32f4xx_hal_pcd_ex.o
                0x000000000800550a                HAL_PCDEx_SetRxFiFo
 .text.HAL_PCDEx_LPM_Callback
                0x000000000800552c       0x18 ./Drivers/STM32F4xx_HAL_Driver/Src/stm32f4xx_hal_pcd_ex.o
                0x000000000800552c                HAL_PCDEx_LPM_Callback
 .text.HAL_RCC_OscConfig
                0x0000000008005544      0x4f0 ./Drivers/STM32F4xx_HAL_Driver/Src/stm32f4xx_hal_rcc.o
                0x0000000008005544                HAL_RCC_OscConfig
 .text.HAL_RCC_ClockConfig
                0x0000000008005a34      0x1cc ./Drivers/STM32F4xx_HAL_Driver/Src/stm32f4xx_hal_rcc.o
                0x0000000008005a34                HAL_RCC_ClockConfig
 .text.HAL_RCC_GetSysClockFreq
                0x0000000008005c00      0x20c ./Drivers/STM32F4xx_HAL_Driver/Src/stm32f4xx_hal_rcc.o
                0x0000000008005c00                HAL_RCC_GetSysClockFreq
 .text.HAL_RCC_GetHCLKFreq
                0x0000000008005e0c       0x18 ./Drivers/STM32F4xx_HAL_Driver/Src/stm32f4xx_hal_rcc.o
                0x0000000008005e0c                HAL_RCC_GetHCLKFreq
 .text.HAL_RCC_GetPCLK1Freq
                0x0000000008005e24       0x28 ./Drivers/STM32F4xx_HAL_Driver/Src/stm32f4xx_hal_rcc.o
                0x0000000008005e24                HAL_RCC_GetPCLK1Freq
 .text.HAL_RCCEx_PeriphCLKConfig
                0x0000000008005e4c      0x1c4 ./Drivers/STM32F4xx_HAL_Driver/Src/stm32f4xx_hal_rcc_ex.o
                0x0000000008005e4c                HAL_RCCEx_PeriphCLKConfig
 .text.HAL_RCCEx_GetPeriphCLKFreq
                0x0000000008006010       0xbc ./Drivers/STM32F4xx_HAL_Driver/Src/stm32f4xx_hal_rcc_ex.o
                0x0000000008006010                HAL_RCCEx_GetPeriphCLKFreq
 .text.USB_CoreInit
                0x00000000080060cc       0xc2 ./Drivers/STM32F4xx_HAL_Driver/Src/stm32f4xx_ll_usb.o
                0x00000000080060cc                USB_CoreInit
 *fill*         0x000000000800618e        0x2 
 .text.USB_SetTurnaroundTime
                0x0000000008006190      0x144 ./Drivers/STM32F4xx_HAL_Driver/Src/stm32f4xx_ll_usb.o
                0x0000000008006190                USB_SetTurnaroundTime
 .text.USB_EnableGlobalInt
                0x00000000080062d4       0x22 ./Drivers/STM32F4xx_HAL_Driver/Src/stm32f4xx_ll_usb.o
                0x00000000080062d4                USB_EnableGlobalInt
 .text.USB_DisableGlobalInt
                0x00000000080062f6       0x22 ./Drivers/STM32F4xx_HAL_Driver/Src/stm32f4xx_ll_usb.o
                0x00000000080062f6                USB_DisableGlobalInt
 .text.USB_SetCurrentMode
                0x0000000008006318       0x98 ./Drivers/STM32F4xx_HAL_Driver/Src/stm32f4xx_ll_usb.o
                0x0000000008006318                USB_SetCurrentMode
 .text.USB_DevInit
                0x00000000080063b0      0x2c8 ./Drivers/STM32F4xx_HAL_Driver/Src/stm32f4xx_ll_usb.o
                0x00000000080063b0                USB_DevInit
 .text.USB_FlushTxFifo
                0x0000000008006678       0x68 ./Drivers/STM32F4xx_HAL_Driver/Src/stm32f4xx_ll_usb.o
                0x0000000008006678                USB_FlushTxFifo
 .text.USB_FlushRxFifo
                0x00000000080066e0       0x60 ./Drivers/STM32F4xx_HAL_Driver/Src/stm32f4xx_ll_usb.o
                0x00000000080066e0                USB_FlushRxFifo
 .text.USB_SetDevSpeed
                0x0000000008006740       0x32 ./Drivers/STM32F4xx_HAL_Driver/Src/stm32f4xx_ll_usb.o
                0x0000000008006740                USB_SetDevSpeed
 .text.USB_GetDevSpeed
                0x0000000008006772       0x4a ./Drivers/STM32F4xx_HAL_Driver/Src/stm32f4xx_ll_usb.o
                0x0000000008006772                USB_GetDevSpeed
 .text.USB_ActivateEndpoint
                0x00000000080067bc      0x10e ./Drivers/STM32F4xx_HAL_Driver/Src/stm32f4xx_ll_usb.o
                0x00000000080067bc                USB_ActivateEndpoint
 *fill*         0x00000000080068ca        0x2 
 .text.USB_DeactivateEndpoint
                0x00000000080068cc      0x1b8 ./Drivers/STM32F4xx_HAL_Driver/Src/stm32f4xx_ll_usb.o
                0x00000000080068cc                USB_DeactivateEndpoint
 .text.USB_EPStartXfer
                0x0000000008006a84      0x490 ./Drivers/STM32F4xx_HAL_Driver/Src/stm32f4xx_ll_usb.o
                0x0000000008006a84                USB_EPStartXfer
 .text.USB_EP0StartXfer
                0x0000000008006f14      0x2b0 ./Drivers/STM32F4xx_HAL_Driver/Src/stm32f4xx_ll_usb.o
                0x0000000008006f14                USB_EP0StartXfer
 .text.USB_EPStopXfer
                0x00000000080071c4      0x154 ./Drivers/STM32F4xx_HAL_Driver/Src/stm32f4xx_ll_usb.o
                0x00000000080071c4                USB_EPStopXfer
 .text.USB_WritePacket
                0x0000000008007318       0x7c ./Drivers/STM32F4xx_HAL_Driver/Src/stm32f4xx_ll_usb.o
                0x0000000008007318                USB_WritePacket
 .text.USB_ReadPacket
                0x0000000008007394       0xb0 ./Drivers/STM32F4xx_HAL_Driver/Src/stm32f4xx_ll_usb.o
                0x0000000008007394                USB_ReadPacket
 .text.USB_EPSetStall
                0x0000000008007444       0xdc ./Drivers/STM32F4xx_HAL_Driver/Src/stm32f4xx_ll_usb.o
                0x0000000008007444                USB_EPSetStall
 .text.USB_EPClearStall
                0x0000000008007520       0xcc ./Drivers/STM32F4xx_HAL_Driver/Src/stm32f4xx_ll_usb.o
                0x0000000008007520                USB_EPClearStall
 .text.USB_SetDevAddress
                0x00000000080075ec       0x4c ./Drivers/STM32F4xx_HAL_Driver/Src/stm32f4xx_ll_usb.o
                0x00000000080075ec                USB_SetDevAddress
 .text.USB_DevConnect
                0x0000000008007638       0x42 ./Drivers/STM32F4xx_HAL_Driver/Src/stm32f4xx_ll_usb.o
                0x0000000008007638                USB_DevConnect
 .text.USB_DevDisconnect
                0x000000000800767a       0x42 ./Drivers/STM32F4xx_HAL_Driver/Src/stm32f4xx_ll_usb.o
                0x000000000800767a                USB_DevDisconnect
 .text.USB_ReadInterrupts
                0x00000000080076bc       0x26 ./Drivers/STM32F4xx_HAL_Driver/Src/stm32f4xx_ll_usb.o
                0x00000000080076bc                USB_ReadInterrupts
 .text.USB_ReadDevAllOutEpInterrupt
                0x00000000080076e2       0x34 ./Drivers/STM32F4xx_HAL_Driver/Src/stm32f4xx_ll_usb.o
                0x00000000080076e2                USB_ReadDevAllOutEpInterrupt
 .text.USB_ReadDevAllInEpInterrupt
                0x0000000008007716       0x34 ./Drivers/STM32F4xx_HAL_Driver/Src/stm32f4xx_ll_usb.o
                0x0000000008007716                USB_ReadDevAllInEpInterrupt
 .text.USB_ReadDevOutEPInterrupt
                0x000000000800774a       0x3c ./Drivers/STM32F4xx_HAL_Driver/Src/stm32f4xx_ll_usb.o
                0x000000000800774a                USB_ReadDevOutEPInterrupt
 .text.USB_ReadDevInEPInterrupt
                0x0000000008007786       0x5c ./Drivers/STM32F4xx_HAL_Driver/Src/stm32f4xx_ll_usb.o
                0x0000000008007786                USB_ReadDevInEPInterrupt
 .text.USB_GetMode
                0x00000000080077e2       0x1c ./Drivers/STM32F4xx_HAL_Driver/Src/stm32f4xx_ll_usb.o
                0x00000000080077e2                USB_GetMode
 .text.USB_ActivateSetup
                0x00000000080077fe       0x46 ./Drivers/STM32F4xx_HAL_Driver/Src/stm32f4xx_ll_usb.o
                0x00000000080077fe                USB_ActivateSetup
 .text.USB_EP0_OutStart
                0x0000000008007844       0xbc ./Drivers/STM32F4xx_HAL_Driver/Src/stm32f4xx_ll_usb.o
                0x0000000008007844                USB_EP0_OutStart
 .text.USB_CoreReset
                0x0000000008007900       0x68 ./Drivers/STM32F4xx_HAL_Driver/Src/stm32f4xx_ll_usb.o
 .text.USBD_CDC_Init
                0x0000000008007968      0x1f0 ./Middlewares/ST/STM32_USB_Device_Library/Class/CDC/Src/usbd_cdc.o
 .text.USBD_CDC_DeInit
                0x0000000008007b58      0x104 ./Middlewares/ST/STM32_USB_Device_Library/Class/CDC/Src/usbd_cdc.o
 .text.USBD_CDC_Setup
                0x0000000008007c5c      0x1b8 ./Middlewares/ST/STM32_USB_Device_Library/Class/CDC/Src/usbd_cdc.o
 .text.USBD_CDC_DataIn
                0x0000000008007e14       0xfe ./Middlewares/ST/STM32_USB_Device_Library/Class/CDC/Src/usbd_cdc.o
 .text.USBD_CDC_DataOut
                0x0000000008007f12       0x70 ./Middlewares/ST/STM32_USB_Device_Library/Class/CDC/Src/usbd_cdc.o
 .text.USBD_CDC_EP0_RxReady
                0x0000000008007f82       0x76 ./Middlewares/ST/STM32_USB_Device_Library/Class/CDC/Src/usbd_cdc.o
 .text.USBD_CDC_GetFSCfgDesc
                0x0000000008007ff8       0x70 ./Middlewares/ST/STM32_USB_Device_Library/Class/CDC/Src/usbd_cdc.o
 .text.USBD_CDC_GetHSCfgDesc
                0x0000000008008068       0x70 ./Middlewares/ST/STM32_USB_Device_Library/Class/CDC/Src/usbd_cdc.o
 .text.USBD_CDC_GetOtherSpeedCfgDesc
                0x00000000080080d8       0x70 ./Middlewares/ST/STM32_USB_Device_Library/Class/CDC/Src/usbd_cdc.o
 .text.USBD_CDC_GetDeviceQualifierDescriptor
                0x0000000008008148       0x20 ./Middlewares/ST/STM32_USB_Device_Library/Class/CDC/Src/usbd_cdc.o
                0x0000000008008148                USBD_CDC_GetDeviceQualifierDescriptor
 .text.USBD_CDC_RegisterInterface
                0x0000000008008168       0x34 ./Middlewares/ST/STM32_USB_Device_Library/Class/CDC/Src/usbd_cdc.o
                0x0000000008008168                USBD_CDC_RegisterInterface
 .text.USBD_CDC_SetTxBuffer
                0x000000000800819c       0x44 ./Middlewares/ST/STM32_USB_Device_Library/Class/CDC/Src/usbd_cdc.o
                0x000000000800819c                USBD_CDC_SetTxBuffer
 .text.USBD_CDC_SetRxBuffer
                0x00000000080081e0       0x3a ./Middlewares/ST/STM32_USB_Device_Library/Class/CDC/Src/usbd_cdc.o
                0x00000000080081e0                USBD_CDC_SetRxBuffer
 *fill*         0x000000000800821a        0x2 
 .text.USBD_CDC_TransmitPacket
                0x000000000800821c       0x8c ./Middlewares/ST/STM32_USB_Device_Library/Class/CDC/Src/usbd_cdc.o
                0x000000000800821c                USBD_CDC_TransmitPacket
 .text.USBD_CDC_ReceivePacket
                0x00000000080082a8       0x6c ./Middlewares/ST/STM32_USB_Device_Library/Class/CDC/Src/usbd_cdc.o
                0x00000000080082a8                USBD_CDC_ReceivePacket
 .text.USBD_Init
                0x0000000008008314       0x60 ./Middlewares/ST/STM32_USB_Device_Library/Core/Src/usbd_core.o
                0x0000000008008314                USBD_Init
 .text.USBD_RegisterClass
                0x0000000008008374       0x6c ./Middlewares/ST/STM32_USB_Device_Library/Core/Src/usbd_core.o
                0x0000000008008374                USBD_RegisterClass
 .text.USBD_Start
                0x00000000080083e0       0x18 ./Middlewares/ST/STM32_USB_Device_Library/Core/Src/usbd_core.o
                0x00000000080083e0                USBD_Start
 .text.USBD_RunTestMode
                0x00000000080083f8       0x16 ./Middlewares/ST/STM32_USB_Device_Library/Core/Src/usbd_core.o
                0x00000000080083f8                USBD_RunTestMode
 .text.USBD_SetClassConfig
                0x000000000800840e       0x38 ./Middlewares/ST/STM32_USB_Device_Library/Core/Src/usbd_core.o
                0x000000000800840e                USBD_SetClassConfig
 .text.USBD_ClrClassConfig
                0x0000000008008446       0x34 ./Middlewares/ST/STM32_USB_Device_Library/Core/Src/usbd_core.o
                0x0000000008008446                USBD_ClrClassConfig
 .text.USBD_LL_SetupStage
                0x000000000800847a       0xaa ./Middlewares/ST/STM32_USB_Device_Library/Core/Src/usbd_core.o
                0x000000000800847a                USBD_LL_SetupStage
 .text.USBD_LL_DataOutStage
                0x0000000008008524      0x166 ./Middlewares/ST/STM32_USB_Device_Library/Core/Src/usbd_core.o
                0x0000000008008524                USBD_LL_DataOutStage
 .text.USBD_LL_DataInStage
                0x000000000800868a      0x164 ./Middlewares/ST/STM32_USB_Device_Library/Core/Src/usbd_core.o
                0x000000000800868a                USBD_LL_DataInStage
 .text.USBD_LL_Reset
                0x00000000080087ee       0xa4 ./Middlewares/ST/STM32_USB_Device_Library/Core/Src/usbd_core.o
                0x00000000080087ee                USBD_LL_Reset
 .text.USBD_LL_SetSpeed
                0x0000000008008892       0x20 ./Middlewares/ST/STM32_USB_Device_Library/Core/Src/usbd_core.o
                0x0000000008008892                USBD_LL_SetSpeed
 .text.USBD_LL_Suspend
                0x00000000080088b2       0x2c ./Middlewares/ST/STM32_USB_Device_Library/Core/Src/usbd_core.o
                0x00000000080088b2                USBD_LL_Suspend
 .text.USBD_LL_Resume
                0x00000000080088de       0x30 ./Middlewares/ST/STM32_USB_Device_Library/Core/Src/usbd_core.o
                0x00000000080088de                USBD_LL_Resume
 .text.USBD_LL_SOF
                0x000000000800890e       0x40 ./Middlewares/ST/STM32_USB_Device_Library/Core/Src/usbd_core.o
                0x000000000800890e                USBD_LL_SOF
 .text.USBD_LL_IsoINIncomplete
                0x000000000800894e       0x64 ./Middlewares/ST/STM32_USB_Device_Library/Core/Src/usbd_core.o
                0x000000000800894e                USBD_LL_IsoINIncomplete
 .text.USBD_LL_IsoOUTIncomplete
                0x00000000080089b2       0x64 ./Middlewares/ST/STM32_USB_Device_Library/Core/Src/usbd_core.o
                0x00000000080089b2                USBD_LL_IsoOUTIncomplete
 .text.USBD_LL_DevConnected
                0x0000000008008a16       0x16 ./Middlewares/ST/STM32_USB_Device_Library/Core/Src/usbd_core.o
                0x0000000008008a16                USBD_LL_DevConnected
 .text.USBD_LL_DevDisconnected
                0x0000000008008a2c       0x46 ./Middlewares/ST/STM32_USB_Device_Library/Core/Src/usbd_core.o
                0x0000000008008a2c                USBD_LL_DevDisconnected
 .text.USBD_CoreFindIF
                0x0000000008008a72       0x1a ./Middlewares/ST/STM32_USB_Device_Library/Core/Src/usbd_core.o
                0x0000000008008a72                USBD_CoreFindIF
 .text.USBD_CoreFindEP
                0x0000000008008a8c       0x1a ./Middlewares/ST/STM32_USB_Device_Library/Core/Src/usbd_core.o
                0x0000000008008a8c                USBD_CoreFindEP
 .text.USBD_GetEpDesc
                0x0000000008008aa6       0x74 ./Middlewares/ST/STM32_USB_Device_Library/Core/Src/usbd_core.o
                0x0000000008008aa6                USBD_GetEpDesc
 .text.USBD_GetNextDesc
                0x0000000008008b1a       0x3a ./Middlewares/ST/STM32_USB_Device_Library/Core/Src/usbd_core.o
                0x0000000008008b1a                USBD_GetNextDesc
 .text.SWAPBYTE
                0x0000000008008b54       0x3c ./Middlewares/ST/STM32_USB_Device_Library/Core/Src/usbd_ctlreq.o
 .text.USBD_StdDevReq
                0x0000000008008b90       0xe4 ./Middlewares/ST/STM32_USB_Device_Library/Core/Src/usbd_ctlreq.o
                0x0000000008008b90                USBD_StdDevReq
 .text.USBD_StdItfReq
                0x0000000008008c74       0xd8 ./Middlewares/ST/STM32_USB_Device_Library/Core/Src/usbd_ctlreq.o
                0x0000000008008c74                USBD_StdItfReq
 .text.USBD_StdEPReq
                0x0000000008008d4c      0x33a ./Middlewares/ST/STM32_USB_Device_Library/Core/Src/usbd_ctlreq.o
                0x0000000008008d4c                USBD_StdEPReq
 *fill*         0x0000000008009086        0x2 
 .text.USBD_GetDescriptor
                0x0000000008009088      0x2d4 ./Middlewares/ST/STM32_USB_Device_Library/Core/Src/usbd_ctlreq.o
 .text.USBD_SetAddress
                0x000000000800935c       0x88 ./Middlewares/ST/STM32_USB_Device_Library/Core/Src/usbd_ctlreq.o
 .text.USBD_SetConfig
                0x00000000080093e4      0x154 ./Middlewares/ST/STM32_USB_Device_Library/Core/Src/usbd_ctlreq.o
 .text.USBD_GetConfig
                0x0000000008009538       0x6c ./Middlewares/ST/STM32_USB_Device_Library/Core/Src/usbd_ctlreq.o
 .text.USBD_GetStatus
                0x00000000080095a4       0x68 ./Middlewares/ST/STM32_USB_Device_Library/Core/Src/usbd_ctlreq.o
 .text.USBD_SetFeature
                0x000000000800960c       0x52 ./Middlewares/ST/STM32_USB_Device_Library/Core/Src/usbd_ctlreq.o
 .text.USBD_ClrFeature
                0x000000000800965e       0x44 ./Middlewares/ST/STM32_USB_Device_Library/Core/Src/usbd_ctlreq.o
 .text.USBD_ParseSetupRequest
                0x00000000080096a2       0x74 ./Middlewares/ST/STM32_USB_Device_Library/Core/Src/usbd_ctlreq.o
                0x00000000080096a2                USBD_ParseSetupRequest
 .text.USBD_CtlError
                0x0000000008009716       0x22 ./Middlewares/ST/STM32_USB_Device_Library/Core/Src/usbd_ctlreq.o
                0x0000000008009716                USBD_CtlError
 .text.USBD_GetString
                0x0000000008009738       0x8c ./Middlewares/ST/STM32_USB_Device_Library/Core/Src/usbd_ctlreq.o
                0x0000000008009738                USBD_GetString
 .text.USBD_GetLen
                0x00000000080097c4       0x34 ./Middlewares/ST/STM32_USB_Device_Library/Core/Src/usbd_ctlreq.o
 .text.USBD_CtlSendData
                0x00000000080097f8       0x36 ./Middlewares/ST/STM32_USB_Device_Library/Core/Src/usbd_ioreq.o
                0x00000000080097f8                USBD_CtlSendData
 .text.USBD_CtlContinueSendData
                0x000000000800982e       0x22 ./Middlewares/ST/STM32_USB_Device_Library/Core/Src/usbd_ioreq.o
                0x000000000800982e                USBD_CtlContinueSendData
 .text.USBD_CtlPrepareRx
                0x0000000008009850       0x3a ./Middlewares/ST/STM32_USB_Device_Library/Core/Src/usbd_ioreq.o
                0x0000000008009850                USBD_CtlPrepareRx
 .text.USBD_CtlContinueRx
                0x000000000800988a       0x22 ./Middlewares/ST/STM32_USB_Device_Library/Core/Src/usbd_ioreq.o
                0x000000000800988a                USBD_CtlContinueRx
 .text.USBD_CtlSendStatus
                0x00000000080098ac       0x26 ./Middlewares/ST/STM32_USB_Device_Library/Core/Src/usbd_ioreq.o
                0x00000000080098ac                USBD_CtlSendStatus
 .text.USBD_CtlReceiveStatus
                0x00000000080098d2       0x26 ./Middlewares/ST/STM32_USB_Device_Library/Core/Src/usbd_ioreq.o
                0x00000000080098d2                USBD_CtlReceiveStatus
 .text.MX_USB_DEVICE_Init
                0x00000000080098f8       0x60 ./USB_DEVICE/App/usb_device.o
                0x00000000080098f8                MX_USB_DEVICE_Init
 .text.CDC_Init_FS
                0x0000000008009958       0x28 ./USB_DEVICE/App/usbd_cdc_if.o
 .text.CDC_DeInit_FS
                0x0000000008009980       0x10 ./USB_DEVICE/App/usbd_cdc_if.o
 .text.CDC_Control_FS
                0x0000000008009990       0xbc ./USB_DEVICE/App/usbd_cdc_if.o
 .text.CDC_Receive_FS
                0x0000000008009a4c       0x28 ./USB_DEVICE/App/usbd_cdc_if.o
 .text.CDC_Transmit_FS
                0x0000000008009a74       0x4c ./USB_DEVICE/App/usbd_cdc_if.o
                0x0000000008009a74                CDC_Transmit_FS
 .text.CDC_TransmitCplt_FS
                0x0000000008009ac0       0x22 ./USB_DEVICE/App/usbd_cdc_if.o
 *fill*         0x0000000008009ae2        0x2 
 .text.USBD_FS_DeviceDescriptor
                0x0000000008009ae4       0x24 ./USB_DEVICE/App/usbd_desc.o
                0x0000000008009ae4                USBD_FS_DeviceDescriptor
 .text.USBD_FS_LangIDStrDescriptor
                0x0000000008009b08       0x24 ./USB_DEVICE/App/usbd_desc.o
                0x0000000008009b08                USBD_FS_LangIDStrDescriptor
 .text.USBD_FS_ProductStrDescriptor
                0x0000000008009b2c       0x3c ./USB_DEVICE/App/usbd_desc.o
                0x0000000008009b2c                USBD_FS_ProductStrDescriptor
 .text.USBD_FS_ManufacturerStrDescriptor
                0x0000000008009b68       0x28 ./USB_DEVICE/App/usbd_desc.o
                0x0000000008009b68                USBD_FS_ManufacturerStrDescriptor
 .text.USBD_FS_SerialStrDescriptor
                0x0000000008009b90       0x24 ./USB_DEVICE/App/usbd_desc.o
                0x0000000008009b90                USBD_FS_SerialStrDescriptor
 .text.USBD_FS_ConfigStrDescriptor
                0x0000000008009bb4       0x3c ./USB_DEVICE/App/usbd_desc.o
                0x0000000008009bb4                USBD_FS_ConfigStrDescriptor
 .text.USBD_FS_InterfaceStrDescriptor
                0x0000000008009bf0       0x3c ./USB_DEVICE/App/usbd_desc.o
                0x0000000008009bf0                USBD_FS_InterfaceStrDescriptor
 .text.Get_SerialNum
                0x0000000008009c2c       0x58 ./USB_DEVICE/App/usbd_desc.o
 .text.IntToUnicode
                0x0000000008009c84       0x7e ./USB_DEVICE/App/usbd_desc.o
 *fill*         0x0000000008009d02        0x2 
 .text.HAL_PCD_MspInit
                0x0000000008009d04       0xa8 ./USB_DEVICE/Target/usbd_conf.o
                0x0000000008009d04                HAL_PCD_MspInit
 .text.HAL_PCD_SetupStageCallback
                0x0000000008009dac       0x24 ./USB_DEVICE/Target/usbd_conf.o
                0x0000000008009dac                HAL_PCD_SetupStageCallback
 .text.HAL_PCD_DataOutStageCallback
                0x0000000008009dd0       0x36 ./USB_DEVICE/Target/usbd_conf.o
                0x0000000008009dd0                HAL_PCD_DataOutStageCallback
 .text.HAL_PCD_DataInStageCallback
                0x0000000008009e06       0x34 ./USB_DEVICE/Target/usbd_conf.o
                0x0000000008009e06                HAL_PCD_DataInStageCallback
 .text.HAL_PCD_SOFCallback
                0x0000000008009e3a       0x1c ./USB_DEVICE/Target/usbd_conf.o
                0x0000000008009e3a                HAL_PCD_SOFCallback
 .text.HAL_PCD_ResetCallback
                0x0000000008009e56       0x50 ./USB_DEVICE/Target/usbd_conf.o
                0x0000000008009e56                HAL_PCD_ResetCallback
 *fill*         0x0000000008009ea6        0x2 
 .text.HAL_PCD_SuspendCallback
                0x0000000008009ea8       0x4c ./USB_DEVICE/Target/usbd_conf.o
                0x0000000008009ea8                HAL_PCD_SuspendCallback
 .text.HAL_PCD_ResumeCallback
                0x0000000008009ef4       0x1c ./USB_DEVICE/Target/usbd_conf.o
                0x0000000008009ef4                HAL_PCD_ResumeCallback
 .text.HAL_PCD_ISOOUTIncompleteCallback
                0x0000000008009f10       0x24 ./USB_DEVICE/Target/usbd_conf.o
                0x0000000008009f10                HAL_PCD_ISOOUTIncompleteCallback
 .text.HAL_PCD_ISOINIncompleteCallback
                0x0000000008009f34       0x24 ./USB_DEVICE/Target/usbd_conf.o
                0x0000000008009f34                HAL_PCD_ISOINIncompleteCallback
 .text.HAL_PCD_ConnectCallback
                0x0000000008009f58       0x1c ./USB_DEVICE/Target/usbd_conf.o
                0x0000000008009f58                HAL_PCD_ConnectCallback
 .text.HAL_PCD_DisconnectCallback
                0x0000000008009f74       0x1c ./USB_DEVICE/Target/usbd_conf.o
                0x0000000008009f74                HAL_PCD_DisconnectCallback
 .text.USBD_LL_Init
                0x0000000008009f90       0x98 ./USB_DEVICE/Target/usbd_conf.o
                0x0000000008009f90                USBD_LL_Init
 .text.USBD_LL_Start
                0x000000000800a028       0x36 ./USB_DEVICE/Target/usbd_conf.o
                0x000000000800a028                USBD_LL_Start
 .text.USBD_LL_OpenEP
                0x000000000800a05e       0x4c ./USB_DEVICE/Target/usbd_conf.o
                0x000000000800a05e                USBD_LL_OpenEP
 .text.USBD_LL_CloseEP
                0x000000000800a0aa       0x3e ./USB_DEVICE/Target/usbd_conf.o
                0x000000000800a0aa                USBD_LL_CloseEP
 .text.USBD_LL_StallEP
                0x000000000800a0e8       0x3e ./USB_DEVICE/Target/usbd_conf.o
                0x000000000800a0e8                USBD_LL_StallEP
 .text.USBD_LL_ClearStallEP
                0x000000000800a126       0x3e ./USB_DEVICE/Target/usbd_conf.o
                0x000000000800a126                USBD_LL_ClearStallEP
 .text.USBD_LL_IsStallEP
                0x000000000800a164       0x58 ./USB_DEVICE/Target/usbd_conf.o
                0x000000000800a164                USBD_LL_IsStallEP
 .text.USBD_LL_SetUSBAddress
                0x000000000800a1bc       0x3e ./USB_DEVICE/Target/usbd_conf.o
                0x000000000800a1bc                USBD_LL_SetUSBAddress
 .text.USBD_LL_Transmit
                0x000000000800a1fa       0x42 ./USB_DEVICE/Target/usbd_conf.o
                0x000000000800a1fa                USBD_LL_Transmit
 .text.USBD_LL_PrepareReceive
                0x000000000800a23c       0x42 ./USB_DEVICE/Target/usbd_conf.o
                0x000000000800a23c                USBD_LL_PrepareReceive
 .text.USBD_LL_GetRxDataSize
                0x000000000800a27e       0x26 ./USB_DEVICE/Target/usbd_conf.o
                0x000000000800a27e                USBD_LL_GetRxDataSize
 .text.USBD_static_malloc
                0x000000000800a2a4       0x1c ./USB_DEVICE/Target/usbd_conf.o
                0x000000000800a2a4                USBD_static_malloc
 .text.USBD_static_free
                0x000000000800a2c0       0x14 ./USB_DEVICE/Target/usbd_conf.o
                0x000000000800a2c0                USBD_static_free
 .text.USBD_Get_USB_Status
                0x000000000800a2d4       0x58 ./USB_DEVICE/Target/usbd_conf.o
                0x000000000800a2d4                USBD_Get_USB_Status
 .text.__libc_init_array
                0x000000000800a32c       0x48 e:/cube_ide/stm32cubeide_1.11.0/stm32cubeide/plugins/com.st.stm32cube.ide.mcu.externaltools.gnu-tools-for-stm32.10.3-2021.10.win32_1.0.100.202210260954/tools/bin/../lib/gcc/arm-none-eabi/10.3.1/../../../../arm-none-eabi/lib/thumb/v7e-m+fp/hard\libc_nano.a(lib_a-init.o)
                0x000000000800a32c                __libc_init_array
 .text.memset   0x000000000800a374       0x10 e:/cube_ide/stm32cubeide_1.11.0/stm32cubeide/plugins/com.st.stm32cube.ide.mcu.externaltools.gnu-tools-for-stm32.10.3-2021.10.win32_1.0.100.202210260954/tools/bin/../lib/gcc/arm-none-eabi/10.3.1/../../../../arm-none-eabi/lib/thumb/v7e-m+fp/hard\libc_nano.a(lib_a-memset.o)
                0x000000000800a374                memset
 *(.glue_7)
 .glue_7        0x000000000800a384        0x0 linker stubs
 *(.glue_7t)
 .glue_7t       0x000000000800a384        0x0 linker stubs
 *(.eh_frame)
 .eh_frame      0x000000000800a384        0x0 e:/cube_ide/stm32cubeide_1.11.0/stm32cubeide/plugins/com.st.stm32cube.ide.mcu.externaltools.gnu-tools-for-stm32.10.3-2021.10.win32_1.0.100.202210260954/tools/bin/../lib/gcc/arm-none-eabi/10.3.1/thumb/v7e-m+fp/hard/crtbegin.o
 *(.init)
 .init          0x000000000800a384        0x4 e:/cube_ide/stm32cubeide_1.11.0/stm32cubeide/plugins/com.st.stm32cube.ide.mcu.externaltools.gnu-tools-for-stm32.10.3-2021.10.win32_1.0.100.202210260954/tools/bin/../lib/gcc/arm-none-eabi/10.3.1/thumb/v7e-m+fp/hard/crti.o
                0x000000000800a384                _init
 .init          0x000000000800a388        0x8 e:/cube_ide/stm32cubeide_1.11.0/stm32cubeide/plugins/com.st.stm32cube.ide.mcu.externaltools.gnu-tools-for-stm32.10.3-2021.10.win32_1.0.100.202210260954/tools/bin/../lib/gcc/arm-none-eabi/10.3.1/thumb/v7e-m+fp/hard/crtn.o
 *(.fini)
 .fini          0x000000000800a390        0x4 e:/cube_ide/stm32cubeide_1.11.0/stm32cubeide/plugins/com.st.stm32cube.ide.mcu.externaltools.gnu-tools-for-stm32.10.3-2021.10.win32_1.0.100.202210260954/tools/bin/../lib/gcc/arm-none-eabi/10.3.1/thumb/v7e-m+fp/hard/crti.o
                0x000000000800a390                _fini
 .fini          0x000000000800a394        0x8 e:/cube_ide/stm32cubeide_1.11.0/stm32cubeide/plugins/com.st.stm32cube.ide.mcu.externaltools.gnu-tools-for-stm32.10.3-2021.10.win32_1.0.100.202210260954/tools/bin/../lib/gcc/arm-none-eabi/10.3.1/thumb/v7e-m+fp/hard/crtn.o
                0x000000000800a39c                . = ALIGN (0x4)
                0x000000000800a39c                _etext = .

.vfp11_veneer   0x000000000800a39c        0x0
 .vfp11_veneer  0x000000000800a39c        0x0 linker stubs

.v4_bx          0x000000000800a39c        0x0
 .v4_bx         0x000000000800a39c        0x0 linker stubs

.iplt           0x000000000800a39c        0x0
 .iplt          0x000000000800a39c        0x0 e:/cube_ide/stm32cubeide_1.11.0/stm32cubeide/plugins/com.st.stm32cube.ide.mcu.externaltools.gnu-tools-for-stm32.10.3-2021.10.win32_1.0.100.202210260954/tools/bin/../lib/gcc/arm-none-eabi/10.3.1/thumb/v7e-m+fp/hard/crtbegin.o

.rodata         0x000000000800a39c       0x68
                0x000000000800a39c                . = ALIGN (0x4)
 *(.rodata)
 .rodata        0x000000000800a39c       0x46 ./USB_DEVICE/App/usbd_desc.o
 *(.rodata*)
 *fill*         0x000000000800a3e2        0x2 
 .rodata.AHBPrescTable
                0x000000000800a3e4       0x10 ./Core/Src/system_stm32f4xx.o
                0x000000000800a3e4                AHBPrescTable
 .rodata.APBPrescTable
                0x000000000800a3f4        0x8 ./Core/Src/system_stm32f4xx.o
                0x000000000800a3f4                APBPrescTable
 .rodata.flagBitshiftOffset.0
                0x000000000800a3fc        0x8 ./Drivers/STM32F4xx_HAL_Driver/Src/stm32f4xx_hal_dma.o
                0x000000000800a404                . = ALIGN (0x4)

.ARM.extab      0x000000000800a404        0x0
                0x000000000800a404                . = ALIGN (0x4)
 *(.ARM.extab* .gnu.linkonce.armextab.*)
                0x000000000800a404                . = ALIGN (0x4)

.ARM            0x000000000800a404        0x8
                0x000000000800a404                . = ALIGN (0x4)
                0x000000000800a404                __exidx_start = .
 *(.ARM.exidx*)
 .ARM.exidx     0x000000000800a404        0x8 e:/cube_ide/stm32cubeide_1.11.0/stm32cubeide/plugins/com.st.stm32cube.ide.mcu.externaltools.gnu-tools-for-stm32.10.3-2021.10.win32_1.0.100.202210260954/tools/bin/../lib/gcc/arm-none-eabi/10.3.1/thumb/v7e-m+fp/hard\libgcc.a(_udivmoddi4.o)
                0x000000000800a40c                __exidx_end = .
                0x000000000800a40c                . = ALIGN (0x4)

.rel.dyn        0x000000000800a40c        0x0
 .rel.iplt      0x000000000800a40c        0x0 e:/cube_ide/stm32cubeide_1.11.0/stm32cubeide/plugins/com.st.stm32cube.ide.mcu.externaltools.gnu-tools-for-stm32.10.3-2021.10.win32_1.0.100.202210260954/tools/bin/../lib/gcc/arm-none-eabi/10.3.1/thumb/v7e-m+fp/hard/crtbegin.o

.preinit_array  0x000000000800a40c        0x0
                0x000000000800a40c                . = ALIGN (0x4)
                0x000000000800a40c                PROVIDE (__preinit_array_start = .)
 *(.preinit_array*)
                0x000000000800a40c                PROVIDE (__preinit_array_end = .)
                0x000000000800a40c                . = ALIGN (0x4)

.init_array     0x000000000800a40c        0x4
                0x000000000800a40c                . = ALIGN (0x4)
                0x000000000800a40c                PROVIDE (__init_array_start = .)
 *(SORT_BY_NAME(.init_array.*))
 *(.init_array*)
 .init_array    0x000000000800a40c        0x4 e:/cube_ide/stm32cubeide_1.11.0/stm32cubeide/plugins/com.st.stm32cube.ide.mcu.externaltools.gnu-tools-for-stm32.10.3-2021.10.win32_1.0.100.202210260954/tools/bin/../lib/gcc/arm-none-eabi/10.3.1/thumb/v7e-m+fp/hard/crtbegin.o
                0x000000000800a410                PROVIDE (__init_array_end = .)
                0x000000000800a410                . = ALIGN (0x4)

.fini_array     0x000000000800a410        0x4
                0x000000000800a410                . = ALIGN (0x4)
                [!provide]                        PROVIDE (__fini_array_start = .)
 *(SORT_BY_NAME(.fini_array.*))
 *(.fini_array*)
 .fini_array    0x000000000800a410        0x4 e:/cube_ide/stm32cubeide_1.11.0/stm32cubeide/plugins/com.st.stm32cube.ide.mcu.externaltools.gnu-tools-for-stm32.10.3-2021.10.win32_1.0.100.202210260954/tools/bin/../lib/gcc/arm-none-eabi/10.3.1/thumb/v7e-m+fp/hard/crtbegin.o
                [!provide]                        PROVIDE (__fini_array_end = .)
                0x000000000800a414                . = ALIGN (0x4)
                0x000000000800a414                _sidata = LOADADDR (.data)

.data           0x0000000020000000       0xfc load address 0x000000000800a414
                0x0000000020000000                . = ALIGN (0x4)
                0x0000000020000000                _sdata = .
 *(.data)
 *(.data*)
 .data.SystemCoreClock
                0x0000000020000000        0x4 ./Core/Src/system_stm32f4xx.o
                0x0000000020000000                SystemCoreClock
 .data.uwTickPrio
                0x0000000020000004        0x4 ./Drivers/STM32F4xx_HAL_Driver/Src/stm32f4xx_hal.o
                0x0000000020000004                uwTickPrio
 .data.uwTickFreq
                0x0000000020000008        0x1 ./Drivers/STM32F4xx_HAL_Driver/Src/stm32f4xx_hal.o
                0x0000000020000008                uwTickFreq
 *fill*         0x0000000020000009        0x3 
 .data.USBD_CDC_DeviceQualifierDesc
                0x000000002000000c        0xa ./Middlewares/ST/STM32_USB_Device_Library/Class/CDC/Src/usbd_cdc.o
 *fill*         0x0000000020000016        0x2 
 .data.USBD_CDC
                0x0000000020000018       0x38 ./Middlewares/ST/STM32_USB_Device_Library/Class/CDC/Src/usbd_cdc.o
                0x0000000020000018                USBD_CDC
 .data.USBD_CDC_CfgDesc
                0x0000000020000050       0x43 ./Middlewares/ST/STM32_USB_Device_Library/Class/CDC/Src/usbd_cdc.o
 .data.CDCInEpAdd
                0x0000000020000093        0x1 ./Middlewares/ST/STM32_USB_Device_Library/Class/CDC/Src/usbd_cdc.o
 .data.CDCOutEpAdd
                0x0000000020000094        0x1 ./Middlewares/ST/STM32_USB_Device_Library/Class/CDC/Src/usbd_cdc.o
 .data.CDCCmdEpAdd
                0x0000000020000095        0x1 ./Middlewares/ST/STM32_USB_Device_Library/Class/CDC/Src/usbd_cdc.o
 *fill*         0x0000000020000096        0x2 
 .data.USBD_Interface_fops_FS
                0x0000000020000098       0x14 ./USB_DEVICE/App/usbd_cdc_if.o
                0x0000000020000098                USBD_Interface_fops_FS
 .data.FS_Desc  0x00000000200000ac       0x1c ./USB_DEVICE/App/usbd_desc.o
                0x00000000200000ac                FS_Desc
 .data.USBD_FS_DeviceDesc
                0x00000000200000c8       0x12 ./USB_DEVICE/App/usbd_desc.o
                0x00000000200000c8                USBD_FS_DeviceDesc
 *fill*         0x00000000200000da        0x2 
 .data.USBD_LangIDDesc
                0x00000000200000dc        0x4 ./USB_DEVICE/App/usbd_desc.o
                0x00000000200000dc                USBD_LangIDDesc
 .data.USBD_StringSerial
                0x00000000200000e0       0x1a ./USB_DEVICE/App/usbd_desc.o
                0x00000000200000e0                USBD_StringSerial
 *(.RamFunc)
 *(.RamFunc*)
                0x00000000200000fc                . = ALIGN (0x4)
 *fill*         0x00000000200000fa        0x2 
                0x00000000200000fc                _edata = .
                0x000000000800a510                _siccmram = LOADADDR (.ccmram)

.igot.plt       0x00000000200000fc        0x0 load address 0x000000000800a510
 .igot.plt      0x00000000200000fc        0x0 e:/cube_ide/stm32cubeide_1.11.0/stm32cubeide/plugins/com.st.stm32cube.ide.mcu.externaltools.gnu-tools-for-stm32.10.3-2021.10.win32_1.0.100.202210260954/tools/bin/../lib/gcc/arm-none-eabi/10.3.1/thumb/v7e-m+fp/hard/crtbegin.o

.ccmram         0x0000000010000000        0x0 load address 0x000000000800a510
                0x0000000010000000                . = ALIGN (0x4)
                0x0000000010000000                _sccmram = .
 *(.ccmram)
 *(.ccmram*)
                0x0000000010000000                . = ALIGN (0x4)
                0x0000000010000000                _eccmram = .
                0x0000000010000000                . = ALIGN (0x4)

.bss            0x00000000200000fc     0x1e9c
                0x00000000200000fc                _sbss = .
                0x00000000200000fc                __bss_start__ = _sbss
 *(.bss)
 .bss           0x00000000200000fc       0x1c e:/cube_ide/stm32cubeide_1.11.0/stm32cubeide/plugins/com.st.stm32cube.ide.mcu.externaltools.gnu-tools-for-stm32.10.3-2021.10.win32_1.0.100.202210260954/tools/bin/../lib/gcc/arm-none-eabi/10.3.1/thumb/v7e-m+fp/hard/crtbegin.o
 *(.bss*)
 .bss.i2s_data  0x0000000020000118        0x4 ./Core/Src/main.o
                0x0000000020000118                i2s_data
 .bss.buffer    0x000000002000011c        0x8 ./Core/Src/main.o
                0x000000002000011c                buffer
 .bss.Outside_buffer
                0x0000000020000124        0x8 ./Core/Src/main.o
                0x0000000020000124                Outside_buffer
 .bss.audio     0x000000002000012c       0x10 ./Core/Src/main.o
                0x000000002000012c                audio
 .bss.hadc1     0x000000002000013c       0x48 ./Core/Src/main.o
                0x000000002000013c                hadc1
 .bss.hadc2     0x0000000020000184       0x48 ./Core/Src/main.o
                0x0000000020000184                hadc2
 .bss.hdma_adc1
                0x00000000200001cc       0x60 ./Core/Src/main.o
                0x00000000200001cc                hdma_adc1
 .bss.hdma_adc2
                0x000000002000022c       0x60 ./Core/Src/main.o
                0x000000002000022c                hdma_adc2
 .bss.hi2c1     0x000000002000028c       0x54 ./Core/Src/main.o
                0x000000002000028c                hi2c1
 .bss.hi2s3     0x00000000200002e0       0x48 ./Core/Src/main.o
                0x00000000200002e0                hi2s3
 .bss.hdma_spi3_tx
                0x0000000020000328       0x60 ./Core/Src/main.o
                0x0000000020000328                hdma_spi3_tx
 .bss.uwTick    0x0000000020000388        0x4 ./Drivers/STM32F4xx_HAL_Driver/Src/stm32f4xx_hal.o
                0x0000000020000388                uwTick
 .bss.cfgidx.0  0x000000002000038c        0x1 ./Middlewares/ST/STM32_USB_Device_Library/Core/Src/usbd_ctlreq.o
 *fill*         0x000000002000038d        0x3 
 .bss.hUsbDeviceFS
                0x0000000020000390      0x2dc ./USB_DEVICE/App/usb_device.o
                0x0000000020000390                hUsbDeviceFS
 .bss.UserRxBufferFS
                0x000000002000066c      0x800 ./USB_DEVICE/App/usbd_cdc_if.o
                0x000000002000066c                UserRxBufferFS
 .bss.UserTxBufferFS
                0x0000000020000e6c      0x800 ./USB_DEVICE/App/usbd_cdc_if.o
                0x0000000020000e6c                UserTxBufferFS
 .bss.USBD_StrDesc
                0x000000002000166c      0x200 ./USB_DEVICE/App/usbd_desc.o
                0x000000002000166c                USBD_StrDesc
 .bss.hpcd_USB_OTG_FS
                0x000000002000186c      0x50c ./USB_DEVICE/Target/usbd_conf.o
                0x000000002000186c                hpcd_USB_OTG_FS
 .bss.mem.0     0x0000000020001d78      0x220 ./USB_DEVICE/Target/usbd_conf.o
 *(COMMON)
                0x0000000020001f98                . = ALIGN (0x4)
                0x0000000020001f98                _ebss = .
                0x0000000020001f98                __bss_end__ = _ebss

._user_heap_stack
                0x0000000020001f98      0x600
                0x0000000020001f98                . = ALIGN (0x8)
                [!provide]                        PROVIDE (end = .)
                0x0000000020001f98                PROVIDE (_end = .)
                0x0000000020002198                . = (. + _Min_Heap_Size)
 *fill*         0x0000000020001f98      0x200 
                0x0000000020002598                . = (. + _Min_Stack_Size)
 *fill*         0x0000000020002198      0x400 
                0x0000000020002598                . = ALIGN (0x8)

/DISCARD/
 libc.a(*)
 libm.a(*)
 libgcc.a(*)

.ARM.attributes
                0x0000000000000000       0x30
 *(.ARM.attributes)
 .ARM.attributes
                0x0000000000000000       0x1e e:/cube_ide/stm32cubeide_1.11.0/stm32cubeide/plugins/com.st.stm32cube.ide.mcu.externaltools.gnu-tools-for-stm32.10.3-2021.10.win32_1.0.100.202210260954/tools/bin/../lib/gcc/arm-none-eabi/10.3.1/thumb/v7e-m+fp/hard/crti.o
 .ARM.attributes
                0x000000000000001e       0x34 e:/cube_ide/stm32cubeide_1.11.0/stm32cubeide/plugins/com.st.stm32cube.ide.mcu.externaltools.gnu-tools-for-stm32.10.3-2021.10.win32_1.0.100.202210260954/tools/bin/../lib/gcc/arm-none-eabi/10.3.1/thumb/v7e-m+fp/hard/crtbegin.o
 .ARM.attributes
                0x0000000000000052       0x34 ./Core/Src/main.o
 .ARM.attributes
                0x0000000000000086       0x34 ./Core/Src/stm32f4xx_hal_msp.o
 .ARM.attributes
                0x00000000000000ba       0x34 ./Core/Src/stm32f4xx_it.o
 .ARM.attributes
                0x00000000000000ee       0x34 ./Core/Src/system_stm32f4xx.o
 .ARM.attributes
                0x0000000000000122       0x21 ./Core/Startup/startup_stm32f407vgtx.o
 .ARM.attributes
                0x0000000000000143       0x34 ./Drivers/STM32F4xx_HAL_Driver/Src/stm32f4xx_hal.o
 .ARM.attributes
                0x0000000000000177       0x34 ./Drivers/STM32F4xx_HAL_Driver/Src/stm32f4xx_hal_adc.o
 .ARM.attributes
                0x00000000000001ab       0x34 ./Drivers/STM32F4xx_HAL_Driver/Src/stm32f4xx_hal_cortex.o
 .ARM.attributes
                0x00000000000001df       0x34 ./Drivers/STM32F4xx_HAL_Driver/Src/stm32f4xx_hal_dma.o
 .ARM.attributes
                0x0000000000000213       0x34 ./Drivers/STM32F4xx_HAL_Driver/Src/stm32f4xx_hal_gpio.o
 .ARM.attributes
                0x0000000000000247       0x34 ./Drivers/STM32F4xx_HAL_Driver/Src/stm32f4xx_hal_i2c.o
 .ARM.attributes
                0x000000000000027b       0x34 ./Drivers/STM32F4xx_HAL_Driver/Src/stm32f4xx_hal_i2s.o
 .ARM.attributes
                0x00000000000002af       0x34 ./Drivers/STM32F4xx_HAL_Driver/Src/stm32f4xx_hal_i2s_ex.o
 .ARM.attributes
                0x00000000000002e3       0x34 ./Drivers/STM32F4xx_HAL_Driver/Src/stm32f4xx_hal_pcd.o
 .ARM.attributes
                0x0000000000000317       0x34 ./Drivers/STM32F4xx_HAL_Driver/Src/stm32f4xx_hal_pcd_ex.o
 .ARM.attributes
                0x000000000000034b       0x34 ./Drivers/STM32F4xx_HAL_Driver/Src/stm32f4xx_hal_rcc.o
 .ARM.attributes
                0x000000000000037f       0x34 ./Drivers/STM32F4xx_HAL_Driver/Src/stm32f4xx_hal_rcc_ex.o
 .ARM.attributes
                0x00000000000003b3       0x34 ./Drivers/STM32F4xx_HAL_Driver/Src/stm32f4xx_ll_usb.o
 .ARM.attributes
                0x00000000000003e7       0x34 ./Middlewares/ST/STM32_USB_Device_Library/Class/CDC/Src/usbd_cdc.o
 .ARM.attributes
                0x000000000000041b       0x34 ./Middlewares/ST/STM32_USB_Device_Library/Core/Src/usbd_core.o
 .ARM.attributes
                0x000000000000044f       0x34 ./Middlewares/ST/STM32_USB_Device_Library/Core/Src/usbd_ctlreq.o
 .ARM.attributes
                0x0000000000000483       0x34 ./Middlewares/ST/STM32_USB_Device_Library/Core/Src/usbd_ioreq.o
 .ARM.attributes
                0x00000000000004b7       0x34 ./USB_DEVICE/App/usb_device.o
 .ARM.attributes
                0x00000000000004eb       0x34 ./USB_DEVICE/App/usbd_cdc_if.o
 .ARM.attributes
                0x000000000000051f       0x34 ./USB_DEVICE/App/usbd_desc.o
 .ARM.attributes
                0x0000000000000553       0x34 ./USB_DEVICE/Target/usbd_conf.o
 .ARM.attributes
                0x0000000000000587       0x34 e:/cube_ide/stm32cubeide_1.11.0/stm32cubeide/plugins/com.st.stm32cube.ide.mcu.externaltools.gnu-tools-for-stm32.10.3-2021.10.win32_1.0.100.202210260954/tools/bin/../lib/gcc/arm-none-eabi/10.3.1/../../../../arm-none-eabi/lib/thumb/v7e-m+fp/hard\libc_nano.a(lib_a-init.o)
 .ARM.attributes
                0x00000000000005bb       0x34 e:/cube_ide/stm32cubeide_1.11.0/stm32cubeide/plugins/com.st.stm32cube.ide.mcu.externaltools.gnu-tools-for-stm32.10.3-2021.10.win32_1.0.100.202210260954/tools/bin/../lib/gcc/arm-none-eabi/10.3.1/../../../../arm-none-eabi/lib/thumb/v7e-m+fp/hard\libc_nano.a(lib_a-memset.o)
 .ARM.attributes
                0x00000000000005ef       0x17 e:/cube_ide/stm32cubeide_1.11.0/stm32cubeide/plugins/com.st.stm32cube.ide.mcu.externaltools.gnu-tools-for-stm32.10.3-2021.10.win32_1.0.100.202210260954/tools/bin/../lib/gcc/arm-none-eabi/10.3.1/../../../../arm-none-eabi/lib/thumb/v7e-m+fp/hard\libc_nano.a(lib_a-strlen.o)
 .ARM.attributes
                0x0000000000000606       0x1e e:/cube_ide/stm32cubeide_1.11.0/stm32cubeide/plugins/com.st.stm32cube.ide.mcu.externaltools.gnu-tools-for-stm32.10.3-2021.10.win32_1.0.100.202210260954/tools/bin/../lib/gcc/arm-none-eabi/10.3.1/thumb/v7e-m+fp/hard\libgcc.a(_aeabi_uldivmod.o)
 .ARM.attributes
                0x0000000000000624       0x34 e:/cube_ide/stm32cubeide_1.11.0/stm32cubeide/plugins/com.st.stm32cube.ide.mcu.externaltools.gnu-tools-for-stm32.10.3-2021.10.win32_1.0.100.202210260954/tools/bin/../lib/gcc/arm-none-eabi/10.3.1/thumb/v7e-m+fp/hard\libgcc.a(_udivmoddi4.o)
 .ARM.attributes
                0x0000000000000658       0x1e e:/cube_ide/stm32cubeide_1.11.0/stm32cubeide/plugins/com.st.stm32cube.ide.mcu.externaltools.gnu-tools-for-stm32.10.3-2021.10.win32_1.0.100.202210260954/tools/bin/../lib/gcc/arm-none-eabi/10.3.1/thumb/v7e-m+fp/hard\libgcc.a(_dvmd_tls.o)
 .ARM.attributes
                0x0000000000000676       0x1e e:/cube_ide/stm32cubeide_1.11.0/stm32cubeide/plugins/com.st.stm32cube.ide.mcu.externaltools.gnu-tools-for-stm32.10.3-2021.10.win32_1.0.100.202210260954/tools/bin/../lib/gcc/arm-none-eabi/10.3.1/thumb/v7e-m+fp/hard/crtn.o
OUTPUT(ANC.elf elf32-littlearm)
LOAD linker stubs
LOAD e:/cube_ide/stm32cubeide_1.11.0/stm32cubeide/plugins/com.st.stm32cube.ide.mcu.externaltools.gnu-tools-for-stm32.10.3-2021.10.win32_1.0.100.202210260954/tools/bin/../lib/gcc/arm-none-eabi/10.3.1/../../../../arm-none-eabi/lib/thumb/v7e-m+fp/hard\libc.a
LOAD e:/cube_ide/stm32cubeide_1.11.0/stm32cubeide/plugins/com.st.stm32cube.ide.mcu.externaltools.gnu-tools-for-stm32.10.3-2021.10.win32_1.0.100.202210260954/tools/bin/../lib/gcc/arm-none-eabi/10.3.1/../../../../arm-none-eabi/lib/thumb/v7e-m+fp/hard\libm.a
LOAD e:/cube_ide/stm32cubeide_1.11.0/stm32cubeide/plugins/com.st.stm32cube.ide.mcu.externaltools.gnu-tools-for-stm32.10.3-2021.10.win32_1.0.100.202210260954/tools/bin/../lib/gcc/arm-none-eabi/10.3.1/thumb/v7e-m+fp/hard\libgcc.a

.debug_info     0x0000000000000000    0x15e1d
 .debug_info    0x0000000000000000     0x1971 ./Core/Src/main.o
 .debug_info    0x0000000000001971     0x116e ./Core/Src/stm32f4xx_hal_msp.o
 .debug_info    0x0000000000002adf      0x911 ./Core/Src/stm32f4xx_it.o
 .debug_info    0x00000000000033f0      0x523 ./Core/Src/system_stm32f4xx.o
 .debug_info    0x0000000000003913       0x22 ./Core/Startup/startup_stm32f407vgtx.o
 .debug_info    0x0000000000003935      0x97c ./Drivers/STM32F4xx_HAL_Driver/Src/stm32f4xx_hal.o
 .debug_info    0x00000000000042b1      0xd70 ./Drivers/STM32F4xx_HAL_Driver/Src/stm32f4xx_hal_adc.o
 .debug_info    0x0000000000005021      0xe1b ./Drivers/STM32F4xx_HAL_Driver/Src/stm32f4xx_hal_cortex.o
 .debug_info    0x0000000000005e3c      0x94f ./Drivers/STM32F4xx_HAL_Driver/Src/stm32f4xx_hal_dma.o
 .debug_info    0x000000000000678b      0x76a ./Drivers/STM32F4xx_HAL_Driver/Src/stm32f4xx_hal_gpio.o
 .debug_info    0x0000000000006ef5     0x2609 ./Drivers/STM32F4xx_HAL_Driver/Src/stm32f4xx_hal_i2c.o
 .debug_info    0x00000000000094fe      0xeb6 ./Drivers/STM32F4xx_HAL_Driver/Src/stm32f4xx_hal_i2s.o
 .debug_info    0x000000000000a3b4      0xb7b ./Drivers/STM32F4xx_HAL_Driver/Src/stm32f4xx_hal_i2s_ex.o
 .debug_info    0x000000000000af2f     0x1695 ./Drivers/STM32F4xx_HAL_Driver/Src/stm32f4xx_hal_pcd.o
 .debug_info    0x000000000000c5c4      0x717 ./Drivers/STM32F4xx_HAL_Driver/Src/stm32f4xx_hal_pcd_ex.o
 .debug_info    0x000000000000ccdb      0x966 ./Drivers/STM32F4xx_HAL_Driver/Src/stm32f4xx_hal_rcc.o
 .debug_info    0x000000000000d641      0x569 ./Drivers/STM32F4xx_HAL_Driver/Src/stm32f4xx_hal_rcc_ex.o
 .debug_info    0x000000000000dbaa     0x1a97 ./Drivers/STM32F4xx_HAL_Driver/Src/stm32f4xx_ll_usb.o
 .debug_info    0x000000000000f641     0x130c ./Middlewares/ST/STM32_USB_Device_Library/Class/CDC/Src/usbd_cdc.o
 .debug_info    0x000000000001094d      0xee7 ./Middlewares/ST/STM32_USB_Device_Library/Core/Src/usbd_core.o
 .debug_info    0x0000000000011834      0xb7f ./Middlewares/ST/STM32_USB_Device_Library/Core/Src/usbd_ctlreq.o
 .debug_info    0x00000000000123b3      0x7da ./Middlewares/ST/STM32_USB_Device_Library/Core/Src/usbd_ioreq.o
 .debug_info    0x0000000000012b8d      0x76a ./USB_DEVICE/App/usb_device.o
 .debug_info    0x00000000000132f7      0x96f ./USB_DEVICE/App/usbd_cdc_if.o
 .debug_info    0x0000000000013c66      0x498 ./USB_DEVICE/App/usbd_desc.o
 .debug_info    0x00000000000140fe     0x1d1f ./USB_DEVICE/Target/usbd_conf.o

.debug_abbrev   0x0000000000000000     0x387a
 .debug_abbrev  0x0000000000000000      0x2f9 ./Core/Src/main.o
 .debug_abbrev  0x00000000000002f9      0x224 ./Core/Src/stm32f4xx_hal_msp.o
 .debug_abbrev  0x000000000000051d      0x1c2 ./Core/Src/stm32f4xx_it.o
 .debug_abbrev  0x00000000000006df      0x116 ./Core/Src/system_stm32f4xx.o
 .debug_abbrev  0x00000000000007f5       0x12 ./Core/Startup/startup_stm32f407vgtx.o
 .debug_abbrev  0x0000000000000807      0x20d ./Drivers/STM32F4xx_HAL_Driver/Src/stm32f4xx_hal.o
 .debug_abbrev  0x0000000000000a14      0x244 ./Drivers/STM32F4xx_HAL_Driver/Src/stm32f4xx_hal_adc.o
 .debug_abbrev  0x0000000000000c58      0x316 ./Drivers/STM32F4xx_HAL_Driver/Src/stm32f4xx_hal_cortex.o
 .debug_abbrev  0x0000000000000f6e      0x25b ./Drivers/STM32F4xx_HAL_Driver/Src/stm32f4xx_hal_dma.o
 .debug_abbrev  0x00000000000011c9      0x1c4 ./Drivers/STM32F4xx_HAL_Driver/Src/stm32f4xx_hal_gpio.o
 .debug_abbrev  0x000000000000138d      0x297 ./Drivers/STM32F4xx_HAL_Driver/Src/stm32f4xx_hal_i2c.o
 .debug_abbrev  0x0000000000001624      0x247 ./Drivers/STM32F4xx_HAL_Driver/Src/stm32f4xx_hal_i2s.o
 .debug_abbrev  0x000000000000186b      0x278 ./Drivers/STM32F4xx_HAL_Driver/Src/stm32f4xx_hal_i2s_ex.o
 .debug_abbrev  0x0000000000001ae3      0x2bb ./Drivers/STM32F4xx_HAL_Driver/Src/stm32f4xx_hal_pcd.o
 .debug_abbrev  0x0000000000001d9e      0x1ce ./Drivers/STM32F4xx_HAL_Driver/Src/stm32f4xx_hal_pcd_ex.o
 .debug_abbrev  0x0000000000001f6c      0x2aa ./Drivers/STM32F4xx_HAL_Driver/Src/stm32f4xx_hal_rcc.o
 .debug_abbrev  0x0000000000002216      0x1a8 ./Drivers/STM32F4xx_HAL_Driver/Src/stm32f4xx_hal_rcc_ex.o
 .debug_abbrev  0x00000000000023be      0x296 ./Drivers/STM32F4xx_HAL_Driver/Src/stm32f4xx_ll_usb.o
 .debug_abbrev  0x0000000000002654      0x2be ./Middlewares/ST/STM32_USB_Device_Library/Class/CDC/Src/usbd_cdc.o
 .debug_abbrev  0x0000000000002912      0x263 ./Middlewares/ST/STM32_USB_Device_Library/Core/Src/usbd_core.o
 .debug_abbrev  0x0000000000002b75      0x25c ./Middlewares/ST/STM32_USB_Device_Library/Core/Src/usbd_ctlreq.o
 .debug_abbrev  0x0000000000002dd1      0x18a ./Middlewares/ST/STM32_USB_Device_Library/Core/Src/usbd_ioreq.o
 .debug_abbrev  0x0000000000002f5b      0x18a ./USB_DEVICE/App/usb_device.o
 .debug_abbrev  0x00000000000030e5      0x290 ./USB_DEVICE/App/usbd_cdc_if.o
 .debug_abbrev  0x0000000000003375      0x1da ./USB_DEVICE/App/usbd_desc.o
 .debug_abbrev  0x000000000000354f      0x32b ./USB_DEVICE/Target/usbd_conf.o

.debug_aranges  0x0000000000000000     0x11a8
 .debug_aranges
                0x0000000000000000       0x70 ./Core/Src/main.o
 .debug_aranges
                0x0000000000000070       0x50 ./Core/Src/stm32f4xx_hal_msp.o
 .debug_aranges
                0x00000000000000c0       0x80 ./Core/Src/stm32f4xx_it.o
 .debug_aranges
                0x0000000000000140       0x28 ./Core/Src/system_stm32f4xx.o
 .debug_aranges
                0x0000000000000168       0x28 ./Core/Startup/startup_stm32f407vgtx.o
 .debug_aranges
                0x0000000000000190       0xf0 ./Drivers/STM32F4xx_HAL_Driver/Src/stm32f4xx_hal.o
 .debug_aranges
                0x0000000000000280       0xe8 ./Drivers/STM32F4xx_HAL_Driver/Src/stm32f4xx_hal_adc.o
 .debug_aranges
                0x0000000000000368      0x118 ./Drivers/STM32F4xx_HAL_Driver/Src/stm32f4xx_hal_cortex.o
 .debug_aranges
                0x0000000000000480       0x90 ./Drivers/STM32F4xx_HAL_Driver/Src/stm32f4xx_hal_dma.o
 .debug_aranges
                0x0000000000000510       0x58 ./Drivers/STM32F4xx_HAL_Driver/Src/stm32f4xx_hal_gpio.o
 .debug_aranges
                0x0000000000000568      0x2a0 ./Drivers/STM32F4xx_HAL_Driver/Src/stm32f4xx_hal_i2c.o
 .debug_aranges
                0x0000000000000808      0x108 ./Drivers/STM32F4xx_HAL_Driver/Src/stm32f4xx_hal_i2s.o
 .debug_aranges
                0x0000000000000910       0x88 ./Drivers/STM32F4xx_HAL_Driver/Src/stm32f4xx_hal_i2s_ex.o
 .debug_aranges
                0x0000000000000998      0x148 ./Drivers/STM32F4xx_HAL_Driver/Src/stm32f4xx_hal_pcd.o
 .debug_aranges
                0x0000000000000ae0       0x38 ./Drivers/STM32F4xx_HAL_Driver/Src/stm32f4xx_hal_pcd_ex.o
 .debug_aranges
                0x0000000000000b18       0x88 ./Drivers/STM32F4xx_HAL_Driver/Src/stm32f4xx_hal_rcc.o
 .debug_aranges
                0x0000000000000ba0       0x48 ./Drivers/STM32F4xx_HAL_Driver/Src/stm32f4xx_hal_rcc_ex.o
 .debug_aranges
                0x0000000000000be8      0x1a0 ./Drivers/STM32F4xx_HAL_Driver/Src/stm32f4xx_ll_usb.o
 .debug_aranges
                0x0000000000000d88       0x90 ./Middlewares/ST/STM32_USB_Device_Library/Class/CDC/Src/usbd_cdc.o
 .debug_aranges
                0x0000000000000e18       0xd8 ./Middlewares/ST/STM32_USB_Device_Library/Core/Src/usbd_core.o
 .debug_aranges
                0x0000000000000ef0       0x90 ./Middlewares/ST/STM32_USB_Device_Library/Core/Src/usbd_ctlreq.o
 .debug_aranges
                0x0000000000000f80       0x50 ./Middlewares/ST/STM32_USB_Device_Library/Core/Src/usbd_ioreq.o
 .debug_aranges
                0x0000000000000fd0       0x20 ./USB_DEVICE/App/usb_device.o
 .debug_aranges
                0x0000000000000ff0       0x48 ./USB_DEVICE/App/usbd_cdc_if.o
 .debug_aranges
                0x0000000000001038       0x60 ./USB_DEVICE/App/usbd_desc.o
 .debug_aranges
                0x0000000000001098      0x110 ./USB_DEVICE/Target/usbd_conf.o

.debug_ranges   0x0000000000000000     0x1028
 .debug_ranges  0x0000000000000000       0x60 ./Core/Src/main.o
 .debug_ranges  0x0000000000000060       0x40 ./Core/Src/stm32f4xx_hal_msp.o
 .debug_ranges  0x00000000000000a0       0x70 ./Core/Src/stm32f4xx_it.o
 .debug_ranges  0x0000000000000110       0x18 ./Core/Src/system_stm32f4xx.o
 .debug_ranges  0x0000000000000128       0x20 ./Core/Startup/startup_stm32f407vgtx.o
 .debug_ranges  0x0000000000000148       0xe0 ./Drivers/STM32F4xx_HAL_Driver/Src/stm32f4xx_hal.o
 .debug_ranges  0x0000000000000228       0xd8 ./Drivers/STM32F4xx_HAL_Driver/Src/stm32f4xx_hal_adc.o
 .debug_ranges  0x0000000000000300      0x108 ./Drivers/STM32F4xx_HAL_Driver/Src/stm32f4xx_hal_cortex.o
 .debug_ranges  0x0000000000000408       0x80 ./Drivers/STM32F4xx_HAL_Driver/Src/stm32f4xx_hal_dma.o
 .debug_ranges  0x0000000000000488       0x48 ./Drivers/STM32F4xx_HAL_Driver/Src/stm32f4xx_hal_gpio.o
 .debug_ranges  0x00000000000004d0      0x2a8 ./Drivers/STM32F4xx_HAL_Driver/Src/stm32f4xx_hal_i2c.o
 .debug_ranges  0x0000000000000778       0xf8 ./Drivers/STM32F4xx_HAL_Driver/Src/stm32f4xx_hal_i2s.o
 .debug_ranges  0x0000000000000870       0x78 ./Drivers/STM32F4xx_HAL_Driver/Src/stm32f4xx_hal_i2s_ex.o
 .debug_ranges  0x00000000000008e8      0x138 ./Drivers/STM32F4xx_HAL_Driver/Src/stm32f4xx_hal_pcd.o
 .debug_ranges  0x0000000000000a20       0x28 ./Drivers/STM32F4xx_HAL_Driver/Src/stm32f4xx_hal_pcd_ex.o
 .debug_ranges  0x0000000000000a48       0x78 ./Drivers/STM32F4xx_HAL_Driver/Src/stm32f4xx_hal_rcc.o
 .debug_ranges  0x0000000000000ac0       0x38 ./Drivers/STM32F4xx_HAL_Driver/Src/stm32f4xx_hal_rcc_ex.o
 .debug_ranges  0x0000000000000af8      0x190 ./Drivers/STM32F4xx_HAL_Driver/Src/stm32f4xx_ll_usb.o
 .debug_ranges  0x0000000000000c88       0x80 ./Middlewares/ST/STM32_USB_Device_Library/Class/CDC/Src/usbd_cdc.o
 .debug_ranges  0x0000000000000d08       0xc8 ./Middlewares/ST/STM32_USB_Device_Library/Core/Src/usbd_core.o
 .debug_ranges  0x0000000000000dd0       0x80 ./Middlewares/ST/STM32_USB_Device_Library/Core/Src/usbd_ctlreq.o
 .debug_ranges  0x0000000000000e50       0x40 ./Middlewares/ST/STM32_USB_Device_Library/Core/Src/usbd_ioreq.o
 .debug_ranges  0x0000000000000e90       0x10 ./USB_DEVICE/App/usb_device.o
 .debug_ranges  0x0000000000000ea0       0x38 ./USB_DEVICE/App/usbd_cdc_if.o
 .debug_ranges  0x0000000000000ed8       0x50 ./USB_DEVICE/App/usbd_desc.o
 .debug_ranges  0x0000000000000f28      0x100 ./USB_DEVICE/Target/usbd_conf.o

.debug_macro    0x0000000000000000    0x25644
 .debug_macro   0x0000000000000000      0x479 ./Core/Src/main.o
 .debug_macro   0x0000000000000479      0xa78 ./Core/Src/main.o
 .debug_macro   0x0000000000000ef1      0x2a7 ./Core/Src/main.o
 .debug_macro   0x0000000000001198       0x2e ./Core/Src/main.o
 .debug_macro   0x00000000000011c6       0x2f ./Core/Src/main.o
 .debug_macro   0x00000000000011f5       0x22 ./Core/Src/main.o
 .debug_macro   0x0000000000001217       0x8e ./Core/Src/main.o
 .debug_macro   0x00000000000012a5       0x51 ./Core/Src/main.o
 .debug_macro   0x00000000000012f6      0x103 ./Core/Src/main.o
 .debug_macro   0x00000000000013f9       0x6a ./Core/Src/main.o
 .debug_macro   0x0000000000001463      0x1df ./Core/Src/main.o
 .debug_macro   0x0000000000001642       0x1c ./Core/Src/main.o
 .debug_macro   0x000000000000165e       0x22 ./Core/Src/main.o
 .debug_macro   0x0000000000001680       0xd9 ./Core/Src/main.o
 .debug_macro   0x0000000000001759     0x102d ./Core/Src/main.o
 .debug_macro   0x0000000000002786      0x11f ./Core/Src/main.o
 .debug_macro   0x00000000000028a5    0x15e82 ./Core/Src/main.o
 .debug_macro   0x0000000000018727       0x6d ./Core/Src/main.o
 .debug_macro   0x0000000000018794     0x367e ./Core/Src/main.o
 .debug_macro   0x000000000001be12      0x174 ./Core/Src/main.o
 .debug_macro   0x000000000001bf86       0x5c ./Core/Src/main.o
 .debug_macro   0x000000000001bfe2      0x96b ./Core/Src/main.o
 .debug_macro   0x000000000001c94d      0x9fe ./Core/Src/main.o
 .debug_macro   0x000000000001d34b      0x115 ./Core/Src/main.o
 .debug_macro   0x000000000001d460      0x13e ./Core/Src/main.o
 .debug_macro   0x000000000001d59e       0xa5 ./Core/Src/main.o
 .debug_macro   0x000000000001d643      0x174 ./Core/Src/main.o
 .debug_macro   0x000000000001d7b7      0x287 ./Core/Src/main.o
 .debug_macro   0x000000000001da3e       0x5f ./Core/Src/main.o
 .debug_macro   0x000000000001da9d      0x236 ./Core/Src/main.o
 .debug_macro   0x000000000001dcd3      0xb5b ./Core/Src/main.o
 .debug_macro   0x000000000001e82e      0x38b ./Core/Src/main.o
 .debug_macro   0x000000000001ebb9      0x176 ./Core/Src/main.o
 .debug_macro   0x000000000001ed2f       0xf9 ./Core/Src/main.o
 .debug_macro   0x000000000001ee28      0x12c ./Core/Src/main.o
 .debug_macro   0x000000000001ef54      0x21e ./Core/Src/main.o
 .debug_macro   0x000000000001f172       0x2e ./Core/Src/main.o
 .debug_macro   0x000000000001f1a0      0x1b5 ./Core/Src/main.o
 .debug_macro   0x000000000001f355       0xd6 ./Core/Src/main.o
 .debug_macro   0x000000000001f42b      0x1a7 ./Core/Src/main.o
 .debug_macro   0x000000000001f5d2       0x46 ./Core/Src/main.o
 .debug_macro   0x000000000001f618       0x4a ./Core/Src/main.o
 .debug_macro   0x000000000001f662      0x11a ./Core/Src/main.o
 .debug_macro   0x000000000001f77c       0x7e ./Core/Src/main.o
 .debug_macro   0x000000000001f7fa       0x89 ./Core/Src/main.o
 .debug_macro   0x000000000001f883      0x248 ./Core/Src/main.o
 .debug_macro   0x000000000001facb       0xba ./Core/Src/main.o
 .debug_macro   0x000000000001fb85      0x12d ./Core/Src/main.o
 .debug_macro   0x000000000001fcb2       0x10 ./Core/Src/main.o
 .debug_macro   0x000000000001fcc2       0x52 ./Core/Src/main.o
 .debug_macro   0x000000000001fd14       0x1e ./Core/Src/main.o
 .debug_macro   0x000000000001fd32       0x3c ./Core/Src/main.o
 .debug_macro   0x000000000001fd6e       0x34 ./Core/Src/main.o
 .debug_macro   0x000000000001fda2       0x16 ./Core/Src/main.o
 .debug_macro   0x000000000001fdb8       0x35 ./Core/Src/main.o
 .debug_macro   0x000000000001fded      0x341 ./Core/Src/main.o
 .debug_macro   0x000000000002012e       0x10 ./Core/Src/main.o
 .debug_macro   0x000000000002013e       0x16 ./Core/Src/main.o
 .debug_macro   0x0000000000020154       0x43 ./Core/Src/main.o
 .debug_macro   0x0000000000020197       0x34 ./Core/Src/main.o
 .debug_macro   0x00000000000201cb       0x10 ./Core/Src/main.o
 .debug_macro   0x00000000000201db       0x58 ./Core/Src/main.o
 .debug_macro   0x0000000000020233       0x71 ./Core/Src/main.o
 .debug_macro   0x00000000000202a4       0x1c ./Core/Src/main.o
 .debug_macro   0x00000000000202c0      0x12a ./Core/Src/main.o
 .debug_macro   0x00000000000203ea       0x10 ./Core/Src/main.o
 .debug_macro   0x00000000000203fa       0x1c ./Core/Src/main.o
 .debug_macro   0x0000000000020416       0x52 ./Core/Src/main.o
 .debug_macro   0x0000000000020468       0x22 ./Core/Src/main.o
 .debug_macro   0x000000000002048a       0x10 ./Core/Src/main.o
 .debug_macro   0x000000000002049a       0x52 ./Core/Src/main.o
 .debug_macro   0x00000000000204ec       0xd5 ./Core/Src/main.o
 .debug_macro   0x00000000000205c1       0x1c ./Core/Src/main.o
 .debug_macro   0x00000000000205dd       0x3d ./Core/Src/main.o
 .debug_macro   0x000000000002061a       0x16 ./Core/Src/main.o
 .debug_macro   0x0000000000020630      0x145 ./Core/Src/main.o
 .debug_macro   0x0000000000020775       0x16 ./Core/Src/main.o
 .debug_macro   0x000000000002078b       0x16 ./Core/Src/main.o
 .debug_macro   0x00000000000207a1       0x29 ./Core/Src/main.o
 .debug_macro   0x00000000000207ca       0x16 ./Core/Src/main.o
 .debug_macro   0x00000000000207e0       0x20 ./Core/Src/main.o
 .debug_macro   0x0000000000020800       0x65 ./Core/Src/main.o
 .debug_macro   0x0000000000020865      0x20f ./Core/Src/main.o
 .debug_macro   0x0000000000020a74       0x95 ./Core/Src/main.o
 .debug_macro   0x0000000000020b09       0x10 ./Core/Src/main.o
 .debug_macro   0x0000000000020b19      0x23e ./Core/Src/stm32f4xx_hal_msp.o
 .debug_macro   0x0000000000020d57      0x248 ./Core/Src/stm32f4xx_it.o
 .debug_macro   0x0000000000020f9f      0x22f ./Core/Src/system_stm32f4xx.o
 .debug_macro   0x00000000000211ce      0x28f ./Drivers/STM32F4xx_HAL_Driver/Src/stm32f4xx_hal.o
 .debug_macro   0x000000000002145d      0x230 ./Drivers/STM32F4xx_HAL_Driver/Src/stm32f4xx_hal_adc.o
 .debug_macro   0x000000000002168d      0x22f ./Drivers/STM32F4xx_HAL_Driver/Src/stm32f4xx_hal_cortex.o
 .debug_macro   0x00000000000218bc      0x235 ./Drivers/STM32F4xx_HAL_Driver/Src/stm32f4xx_hal_dma.o
 .debug_macro   0x0000000000021af1      0x235 ./Drivers/STM32F4xx_HAL_Driver/Src/stm32f4xx_hal_gpio.o
 .debug_macro   0x0000000000021d26      0x276 ./Drivers/STM32F4xx_HAL_Driver/Src/stm32f4xx_hal_i2c.o
 .debug_macro   0x0000000000021f9c      0x237 ./Drivers/STM32F4xx_HAL_Driver/Src/stm32f4xx_hal_i2s.o